******************************************************************************
                  TI ARM Linker PC v20.2.7                     
******************************************************************************
>> Linked Sat Feb 15 20:58:45 2025

OUTPUT FILE NAME:   <servo_uart.out>
ENTRY POINT SYMBOL: "_c_int00_noargs"  address: 00000d09


MEMORY CONFIGURATION

         name            origin    length      used     unused   attr    fill
----------------------  --------  ---------  --------  --------  ----  --------
  MAIN                  00000000   00040000  00000ff8  0003f008  R  X
  INFO                  00200000   00004000  00000000  00004000  R  X
  SRAM_CODE             01000000   00010000  0000020c  0000fdf4  RW X
  SRAM_DATA             20000000   00010000  0000020c  0000fdf4  RW  


SEGMENT ALLOCATION MAP

run origin  load origin   length   init length attrs members
----------  ----------- ---------- ----------- ----- -------
00000000    00000000    00000ff8   00000ff8    r-x
  00000000    00000000    000000e4   000000e4    r-- .intvecs
  000000e4    000000e4    00000e5c   00000e5c    r-x .text
  00000f40    00000f40    00000098   00000098    r-- .const
  00000fd8    00000fd8    00000020   00000020    r-- .cinit
20000000    20000000    0000000c   00000000    rw-
  20000000    20000000    0000000c   00000000    rw- .data
2000fe00    2000fe00    00000200   00000000    rw-
  2000fe00    2000fe00    00000200   00000000    rw- .stack


SECTION ALLOCATION MAP

 output                                  attributes/
section   page    origin      length       input sections
--------  ----  ----------  ----------   ----------------
.intvecs   0    00000000    000000e4     
                  00000000    000000e4     startup_msp432p401r_ccs.obj (.intvecs:retain)

.text      0    000000e4    00000e5c     
                  000000e4    00000334     system_msp432p401r.obj (.text)
                  00000418    0000025c     main.obj (.text)
                  00000674    00000144     msp432p4xx_driverlib.lib : timer_a.o (.text:privateTimer_AProcessClockSourceDivider)
                  000007b8    0000011c                              : uart.o (.text:UART_initModule)
                  000008d4    0000009c     rtsv7M4_T_le_v4SPD16_eabi.lib : memcpy_t2.asm.obj (.text)
                  00000970    00000088     msp432p4xx_driverlib.lib : gpio.o (.text:GPIO_setAsPeripheralModuleFunctionInputPin)
                  000009f8    00000088                              : gpio.o (.text:GPIO_setAsPeripheralModuleFunctionOutputPin)
                  00000a80    00000080                              : interrupt.o (.text:Interrupt_enableInterrupt)
                  00000b00    00000068                              : timer_a.o (.text:Timer_A_configureUpMode)
                  00000b68    00000068     rtsv7M4_T_le_v4SPD16_eabi.lib : copy_decompress_lzss.c.obj (.text:decompress:lzss:__TI_decompress_lzss)
                  00000bd0    00000064     msp432p4xx_driverlib.lib : uart.o (.text:UART_getEnabledInterruptStatus)
                  00000c34    0000004e                              : timer_a.o (.text:Timer_A_initCompare)
                  00000c82    00000002     --HOLE-- [fill = 0]
                  00000c84    00000044     rtsv7M4_T_le_v4SPD16_eabi.lib : autoinit.c.obj (.text:__TI_auto_init_nobinit_nopinit:__TI_auto_init_nobinit_nopinit)
                  00000cc8    00000040     msp432p4xx_driverlib.lib : gpio.o (.text:GPIO_setAsOutputPin)
                  00000d08    00000034     rtsv7M4_T_le_v4SPD16_eabi.lib : boot_cortex_m.c.obj (.text:_c_int00_noargs:_c_int00_noargs)
                  00000d3c    00000030     msp432p4xx_driverlib.lib : uart.o (.text:UART_enableInterrupt)
                  00000d6c    00000030                              : uart.o (.text:UART_receiveData)
                  00000d9c    00000028                              : gpio.o (.text:GPIO_setOutputHighOnPin)
                  00000dc4    00000028                              : gpio.o (.text:GPIO_setOutputLowOnPin)
                  00000dec    00000028                              : pcm.o (.text:PCM_gotoLPM0)
                  00000e14    00000028                              : timer_a.o (.text:Timer_A_setCompareValue)
                  00000e3c    00000024                              : wdt_a.o (.text:WDT_A_holdTimer)
                  00000e60    0000001c                              : pcm.o (.text:PCM_gotoLPM0InterruptSafe)
                  00000e7c    00000018                              : uart.o (.text:UART_getInterruptStatus)
                  00000e94    00000016                              : timer_a.o (.text:Timer_A_startCounter)
                  00000eaa    00000016                              : uart.o (.text:UART_enableModule)
                  00000ec0    00000010                              : interrupt.o (.text:Interrupt_disableMaster)
                  00000ed0    00000010                              : interrupt.o (.text:Interrupt_disableSleepOnIsrExit)
                  00000ee0    00000010                              : interrupt.o (.text:Interrupt_enableMaster)
                  00000ef0    00000010                              : interrupt.o (.text:Interrupt_enableSleepOnIsrExit)
                  00000f00    0000000e     rtsv7M4_T_le_v4SPD16_eabi.lib : copy_decompress_none.c.obj (.text:decompress:none:__TI_decompress_none)
                  00000f0e    0000000e     startup_msp432p401r_ccs.obj (.text)
                  00000f1c    0000000c     msp432p4xx_driverlib.lib : cpu.o (.text:CPU_cpsid)
                  00000f28    0000000c                              : cpu.o (.text:CPU_cpsie)
                  00000f34    00000004                              : cpu.o (.text:CPU_wfi)
                  00000f38    00000004     rtsv7M4_T_le_v4SPD16_eabi.lib : pre_init.c.obj (.text:_system_pre_init)
                  00000f3c    00000004                                   : exit.c.obj (.text:abort:abort)

.const     0    00000f40    00000098     
                  00000f40    00000030     msp432p4xx_driverlib.lib : gpio.o (.const:GPIO_PORT_TO_BASE)
                  00000f70    00000028     main.obj (.const:uartConfig)
                  00000f98    00000018     main.obj (.const:$P$T0$1)
                  00000fb0    00000010     main.obj (.const:$P$T1$2)
                  00000fc0    00000010     main.obj (.const:$P$T2$3)
                  00000fd0    00000008     msp432p4xx_driverlib.lib : interrupt.o (.const:g_pulEnRegs)

.cinit     0    00000fd8    00000020     
                  00000fd8    00000010     (.cinit..data.load) [load image, compression = lzss]
                  00000fe8    00000008     (__TI_handler_table)
                  00000ff0    00000008     (__TI_cinit_table)

.init_array 
*          0    00000000    00000000     UNINITIALIZED

.binit     0    00000000    00000000     

.data      0    20000000    0000000c     UNINITIALIZED
                  20000000    00000008     main.obj (.data)
                  20000008    00000004     system_msp432p401r.obj (.data)

.stack     0    2000fe00    00000200     UNINITIALIZED
                  2000fe00    00000004     rtsv7M4_T_le_v4SPD16_eabi.lib : boot_cortex_m.c.obj (.stack)
                  2000fe04    000001fc     --HOLE--

__llvm_prf_cnts 
*          0    20000000    00000000     UNINITIALIZED

MODULE SUMMARY

       Module                        code   ro data   rw data
       ------                        ----   -------   -------
    .\
       system_msp432p401r.obj        820    0         8      
       main.obj                      604    96        16     
       startup_msp432p401r_ccs.obj   14     228       0      
    +--+-----------------------------+------+---------+---------+
       Total:                        1438   324       24     
                                                             
    C:/Users/leona/OneDrive/Desktop/simplelink_msp432p4_sdk_3_40_01_02/source/ti/devices/msp432p4xx/driverlib/ccs/msp432p4xx_driverlib.lib
       timer_a.o                     568    0         0      
       uart.o                        526    0         0      
       gpio.o                        416    48        0      
       interrupt.o                   192    8         0      
       pcm.o                         68     0         0      
       wdt_a.o                       36     0         0      
       cpu.o                         28     0         0      
    +--+-----------------------------+------+---------+---------+
       Total:                        1834   56        0      
                                                             
    C:\ti\ccs1270\ccs\tools\compiler\ti-cgt-arm_20.2.7.LTS\lib\rtsv7M4_T_le_v4SPD16_eabi.lib
       memcpy_t2.asm.obj             156    0         0      
       copy_decompress_lzss.c.obj    104    0         0      
       autoinit.c.obj                68     0         0      
       boot_cortex_m.c.obj           52     0         0      
       copy_decompress_none.c.obj    14     0         0      
       exit.c.obj                    4      0         0      
       pre_init.c.obj                4      0         0      
    +--+-----------------------------+------+---------+---------+
       Total:                        402    0         0      
                                                             
       Stack:                        0      0         1024   
       Linker Generated:             0      32        0      
    +--+-----------------------------+------+---------+---------+
       Grand Total:                  3674   412       1048   


LINKER GENERATED COPY TABLES

__TI_cinit_table @ 00000ff0 records: 1, size/record: 8, table size: 8
	.data: load addr=00000fd8, load size=00000010 bytes, run addr=20000000, run size=0000000c bytes, compression=lzss


LINKER GENERATED HANDLER TABLE

__TI_handler_table @ 00000fe8 records: 2, size/record: 4, table size: 8
	index: 0, handler: __TI_decompress_lzss
	index: 1, handler: __TI_decompress_none


GLOBAL SYMBOLS: SORTED ALPHABETICALLY BY Name 

address   name                                       
-------   ----                                       
00000f1b  ADC14_IRQHandler                           
00000f1b  AES256_IRQHandler                          
00000f1b  BusFault_Handler                           
00000f3d  C$$EXIT                                    
00000f1b  COMP_E0_IRQHandler                         
00000f1b  COMP_E1_IRQHandler                         
00000f1d  CPU_cpsid                                  
00000f29  CPU_cpsie                                  
00000f35  CPU_wfi                                    
00000f1b  CS_IRQHandler                              
00000f1b  DMA_ERR_IRQHandler                         
00000f1b  DMA_INT0_IRQHandler                        
00000f1b  DMA_INT1_IRQHandler                        
00000f1b  DMA_INT2_IRQHandler                        
00000f1b  DMA_INT3_IRQHandler                        
00000f1b  DebugMon_Handler                           
00000f1b  Default_Handler                            
00000f1b  EUSCIA0_IRQHandler                         
00000f1b  EUSCIA1_IRQHandler                         
00000439  EUSCIA2_IRQHandler                         
00000439  EUSCIA2_IRQHandler                         
00000f1b  EUSCIA3_IRQHandler                         
00000f1b  EUSCIB0_IRQHandler                         
00000f1b  EUSCIB1_IRQHandler                         
00000f1b  EUSCIB2_IRQHandler                         
00000f1b  EUSCIB3_IRQHandler                         
00000f1b  FLCTL_IRQHandler                           
00000f1b  FPU_IRQHandler                             
00000cc9  GPIO_setAsOutputPin                        
00000971  GPIO_setAsPeripheralModuleFunctionInputPin 
000009f9  GPIO_setAsPeripheralModuleFunctionOutputPin
00000d9d  GPIO_setOutputHighOnPin                    
00000dc5  GPIO_setOutputLowOnPin                     
00000f1b  HardFault_Handler                          
00000ec1  Interrupt_disableMaster                    
00000ed1  Interrupt_disableSleepOnIsrExit            
00000a81  Interrupt_enableInterrupt                  
00000ee1  Interrupt_enableMaster                     
00000ef1  Interrupt_enableSleepOnIsrExit             
00000f1b  MemManage_Handler                          
00000f1b  NMI_Handler                                
00000f1b  PCM_IRQHandler                             
00000ded  PCM_gotoLPM0                               
00000e61  PCM_gotoLPM0InterruptSafe                  
00000f1b  PORT1_IRQHandler                           
00000f1b  PORT2_IRQHandler                           
00000f1b  PORT3_IRQHandler                           
00000f1b  PORT4_IRQHandler                           
00000f1b  PORT5_IRQHandler                           
00000f1b  PORT6_IRQHandler                           
00000f1b  PSS_IRQHandler                             
00000f1b  PendSV_Handler                             
00000f1b  RTC_C_IRQHandler                           
20000000  RXData                                     
00000f0f  Reset_Handler                              
00000f1b  SVC_Handler                                
00000f1b  SysTick_Handler                            
20000008  SystemCoreClock                            
000000e5  SystemCoreClockUpdate                      
0000035d  SystemInit                                 
00000f1b  T32_INT1_IRQHandler                        
00000f1b  T32_INT2_IRQHandler                        
00000f1b  T32_INTC_IRQHandler                        
00000f1b  TA0_0_IRQHandler                           
00000f1b  TA0_N_IRQHandler                           
00000f1b  TA1_0_IRQHandler                           
00000f1b  TA1_N_IRQHandler                           
00000f1b  TA2_0_IRQHandler                           
00000f1b  TA2_N_IRQHandler                           
00000f1b  TA3_0_IRQHandler                           
00000f1b  TA3_N_IRQHandler                           
00000b01  Timer_A_configureUpMode                    
00000c35  Timer_A_initCompare                        
00000e15  Timer_A_setCompareValue                    
00000e95  Timer_A_startCounter                       
00000d3d  UART_enableInterrupt                       
00000eab  UART_enableModule                          
00000bd1  UART_getEnabledInterruptStatus             
00000e7d  UART_getInterruptStatus                    
000007b9  UART_initModule                            
00000d6d  UART_receiveData                           
00000f1b  UsageFault_Handler                         
4000480c  WDTCTL_SYM                                 
00000f1b  WDT_A_IRQHandler                           
00000e3d  WDT_A_holdTimer                            
20010000  __STACK_END                                
00000200  __STACK_SIZE                               
00000ff0  __TI_CINIT_Base                            
00000ff8  __TI_CINIT_Limit                           
00000fe8  __TI_Handler_Table_Base                    
00000ff0  __TI_Handler_Table_Limit                   
00000c85  __TI_auto_init_nobinit_nopinit             
00000b69  __TI_decompress_lzss                       
00000f01  __TI_decompress_none                       
ffffffff  __TI_pprof_out_hndl                        
ffffffff  __TI_prof_data_size                        
ffffffff  __TI_prof_data_start                       
00000000  __TI_static_base__                         
000008d5  __aeabi_memcpy                             
000008d5  __aeabi_memcpy4                            
000008d5  __aeabi_memcpy8                            
ffffffff  __binit__                                  
ffffffff  __c_args__                                 
UNDEFED   __mpu_init                                 
2000fe00  __stack                                    
20000000  __start___llvm_prf_cnts                    
20000000  __stop___llvm_prf_cnts                     
00000d09  _c_int00_noargs                            
UNDEFED   _system_post_cinit                         
00000f39  _system_pre_init                           
00000f3d  abort                                      
ffffffff  binit                                      
20000001  caso                                       
20000004  counter                                    
000005dd  initPWM                                    
0000058f  initUART                                   
00000000  interruptVectors                           
00000419  main                                       
000008d5  memcpy                                     
00000479  moveServos                                 
20000002  prev                                       
0000063b  resetServos                                
0000052f  setServoPosition                           
00000f70  uartConfig                                 


GLOBAL SYMBOLS: SORTED BY Symbol Address 

address   name                                       
-------   ----                                       
00000000  __TI_static_base__                         
00000000  interruptVectors                           
000000e5  SystemCoreClockUpdate                      
00000200  __STACK_SIZE                               
0000035d  SystemInit                                 
00000419  main                                       
00000439  EUSCIA2_IRQHandler                         
00000439  EUSCIA2_IRQHandler                         
00000479  moveServos                                 
0000052f  setServoPosition                           
0000058f  initUART                                   
000005dd  initPWM                                    
0000063b  resetServos                                
000007b9  UART_initModule                            
000008d5  __aeabi_memcpy                             
000008d5  __aeabi_memcpy4                            
000008d5  __aeabi_memcpy8                            
000008d5  memcpy                                     
00000971  GPIO_setAsPeripheralModuleFunctionInputPin 
000009f9  GPIO_setAsPeripheralModuleFunctionOutputPin
00000a81  Interrupt_enableInterrupt                  
00000b01  Timer_A_configureUpMode                    
00000b69  __TI_decompress_lzss                       
00000bd1  UART_getEnabledInterruptStatus             
00000c35  Timer_A_initCompare                        
00000c85  __TI_auto_init_nobinit_nopinit             
00000cc9  GPIO_setAsOutputPin                        
00000d09  _c_int00_noargs                            
00000d3d  UART_enableInterrupt                       
00000d6d  UART_receiveData                           
00000d9d  GPIO_setOutputHighOnPin                    
00000dc5  GPIO_setOutputLowOnPin                     
00000ded  PCM_gotoLPM0                               
00000e15  Timer_A_setCompareValue                    
00000e3d  WDT_A_holdTimer                            
00000e61  PCM_gotoLPM0InterruptSafe                  
00000e7d  UART_getInterruptStatus                    
00000e95  Timer_A_startCounter                       
00000eab  UART_enableModule                          
00000ec1  Interrupt_disableMaster                    
00000ed1  Interrupt_disableSleepOnIsrExit            
00000ee1  Interrupt_enableMaster                     
00000ef1  Interrupt_enableSleepOnIsrExit             
00000f01  __TI_decompress_none                       
00000f0f  Reset_Handler                              
00000f1b  ADC14_IRQHandler                           
00000f1b  AES256_IRQHandler                          
00000f1b  BusFault_Handler                           
00000f1b  COMP_E0_IRQHandler                         
00000f1b  COMP_E1_IRQHandler                         
00000f1b  CS_IRQHandler                              
00000f1b  DMA_ERR_IRQHandler                         
00000f1b  DMA_INT0_IRQHandler                        
00000f1b  DMA_INT1_IRQHandler                        
00000f1b  DMA_INT2_IRQHandler                        
00000f1b  DMA_INT3_IRQHandler                        
00000f1b  DebugMon_Handler                           
00000f1b  Default_Handler                            
00000f1b  EUSCIA0_IRQHandler                         
00000f1b  EUSCIA1_IRQHandler                         
00000f1b  EUSCIA3_IRQHandler                         
00000f1b  EUSCIB0_IRQHandler                         
00000f1b  EUSCIB1_IRQHandler                         
00000f1b  EUSCIB2_IRQHandler                         
00000f1b  EUSCIB3_IRQHandler                         
00000f1b  FLCTL_IRQHandler                           
00000f1b  FPU_IRQHandler                             
00000f1b  HardFault_Handler                          
00000f1b  MemManage_Handler                          
00000f1b  NMI_Handler                                
00000f1b  PCM_IRQHandler                             
00000f1b  PORT1_IRQHandler                           
00000f1b  PORT2_IRQHandler                           
00000f1b  PORT3_IRQHandler                           
00000f1b  PORT4_IRQHandler                           
00000f1b  PORT5_IRQHandler                           
00000f1b  PORT6_IRQHandler                           
00000f1b  PSS_IRQHandler                             
00000f1b  PendSV_Handler                             
00000f1b  RTC_C_IRQHandler                           
00000f1b  SVC_Handler                                
00000f1b  SysTick_Handler                            
00000f1b  T32_INT1_IRQHandler                        
00000f1b  T32_INT2_IRQHandler                        
00000f1b  T32_INTC_IRQHandler                        
00000f1b  TA0_0_IRQHandler                           
00000f1b  TA0_N_IRQHandler                           
00000f1b  TA1_0_IRQHandler                           
00000f1b  TA1_N_IRQHandler                           
00000f1b  TA2_0_IRQHandler                           
00000f1b  TA2_N_IRQHandler                           
00000f1b  TA3_0_IRQHandler                           
00000f1b  TA3_N_IRQHandler                           
00000f1b  UsageFault_Handler                         
00000f1b  WDT_A_IRQHandler                           
00000f1d  CPU_cpsid                                  
00000f29  CPU_cpsie                                  
00000f35  CPU_wfi                                    
00000f39  _system_pre_init                           
00000f3d  C$$EXIT                                    
00000f3d  abort                                      
00000f70  uartConfig                                 
00000fe8  __TI_Handler_Table_Base                    
00000ff0  __TI_CINIT_Base                            
00000ff0  __TI_Handler_Table_Limit                   
00000ff8  __TI_CINIT_Limit                           
20000000  RXData                                     
20000000  __start___llvm_prf_cnts                    
20000000  __stop___llvm_prf_cnts                     
20000001  caso                                       
20000002  prev                                       
20000004  counter                                    
20000008  SystemCoreClock                            
2000fe00  __stack                                    
20010000  __STACK_END                                
4000480c  WDTCTL_SYM                                 
ffffffff  __TI_pprof_out_hndl                        
ffffffff  __TI_prof_data_size                        
ffffffff  __TI_prof_data_start                       
ffffffff  __binit__                                  
ffffffff  __c_args__                                 
ffffffff  binit                                      
UNDEFED   __mpu_init                                 
UNDEFED   _system_post_cinit                         

[124 symbols]
