******************************************************************************
                  TI ARM Linker PC v20.2.7                     
******************************************************************************
>> Linked Fri Feb  7 15:42:01 2025

OUTPUT FILE NAME:   <library.out>
ENTRY POINT SYMBOL: "_c_int00_noargs"  address: 00003335


MEMORY CONFIGURATION

         name            origin    length      used     unused   attr    fill
----------------------  --------  ---------  --------  --------  ----  --------
  MAIN                  00000000   00040000  00003974  0003c68c  R  X
  INFO                  00200000   00004000  00000000  00004000  R  X
  SRAM_CODE             01000000   00010000  000009c0  0000f640  RW X
  SRAM_DATA             20000000   00010000  000009c0  0000f640  RW  


SEGMENT ALLOCATION MAP

run origin  load origin   length   init length attrs members
----------  ----------- ---------- ----------- ----- -------
00000000    00000000    00003978   00003978    r-x
  00000000    00000000    000000e4   000000e4    r-- .intvecs
  000000e4    000000e4    00003694   00003694    r-x .text
  00003778    00003778    00000164   00000164    r-- .const
  000038e0    000038e0    00000098   00000098    r-- .cinit
20000000    20000000    000007c0   00000000    rw-
  20000000    20000000    00000400   00000000    rw- .sysmem
  20000400    20000400    000001f4   00000000    rw- .data
  200005f4    200005f4    000001cc   00000000    rw- .bss
2000fe00    2000fe00    00000200   00000000    rw-
  2000fe00    2000fe00    00000200   00000000    rw- .stack


SECTION ALLOCATION MAP

 output                                  attributes/
section   page    origin      length       input sections
--------  ----  ----------  ----------   ----------------
.intvecs   0    00000000    000000e4     
                  00000000    000000e4     startup_msp432p401r_ccs.obj (.intvecs:retain)

.text      0    000000e4    00003694     
                  000000e4    00000a4e     rtsv7M4_T_le_v4SPD16_eabi.lib : _printfi.c.obj (.text:__TI_printfi)
                  00000b32    00000002                                   : _lock.c.obj (.text:_nop)
                  00000b34    00000334     system_msp432p401r.obj (.text)
                  00000e68    00000270     rtsv7M4_T_le_v4SPD16_eabi.lib : _printfi.c.obj (.text:_pconv_a)
                  000010d8    000001d0                                   : _printfi.c.obj (.text:_pconv_g)
                  000012a8    000001b6                                   : fd_add_t2.asm.obj (.text)
                  0000145e    00000002                                   : div0.asm.obj (.text)
                  00001460    0000015c     msp432p4xx_driverlib.lib : pcm.o (.text:__PCM_setPowerModeAdvanced)
                  000015bc    0000013c     rtsv7M4_T_le_v4SPD16_eabi.lib : _printfi.c.obj (.text:_pconv_e)
                  000016f8    00000136                                   : fd_div_t2.asm.obj (.text)
                  0000182e    00000002     --HOLE-- [fill = 0]
                  00001830    00000124                                   : _printfi.c.obj (.text:fcvt)
                  00001954    0000011c     msp432p4xx_driverlib.lib : uart.o (.text:UART_initModule)
                  00001a70    00000114     rtsv7M4_T_le_v4SPD16_eabi.lib : fputs.c.obj (.text:fputs)
                  00001b84    00000110                                   : s_scalbn.c.obj (.text:scalbn)
                  00001c94    00000108     msp432p4xx_driverlib.lib : pcm.o (.text:__PCM_setCoreVoltageLevelAdvanced)
                  00001d9c    00000100     rtsv7M4_T_le_v4SPD16_eabi.lib : memory.c.obj (.text:aligned_alloc)
                  00001e9c    000000fc                                   : fd_mul_t2.asm.obj (.text)
                  00001f98    000000f0     main.obj (.text)
                  00002088    000000e4     rtsv7M4_T_le_v4SPD16_eabi.lib : memory.c.obj (.text:free)
                  0000216c    000000dc                                   : setvbuf.c.obj (.text:setvbuf)
                  00002248    000000b1                                   : _printfi.c.obj (.text:_ltostr)
                  000022f9    00000001     --HOLE-- [fill = 0]
                  000022fa    0000009c                                   : memcpy_t2.asm.obj (.text)
                  00002396    00000096                                   : ull_div_t2.asm.obj (.text)
                  0000242c    0000008c                                   : fputc.c.obj (.text:fputc)
                  000024b8    00000088     msp432p4xx_driverlib.lib : gpio.o (.text:GPIO_setAsPeripheralModuleFunctionInputPin)
                  00002540    00000086     rtsv7M4_T_le_v4SPD16_eabi.lib : fd_cmp_t2.asm.obj (.text:__aeabi_cdcmple)
                  000025c6    00000086                                   : fd_cmp_t2.asm.obj (.text:__aeabi_cdrcmple)
                  0000264c    00000080     msp432p4xx_driverlib.lib : interrupt.o (.text:Interrupt_enableInterrupt)
                  000026cc    0000007a     rtsv7M4_T_le_v4SPD16_eabi.lib : memset_t2.asm.obj (.text)
                  00002746    00000002     --HOLE-- [fill = 0]
                  00002748    00000074                                   : fclose.c.obj (.text:__TI_closefile)
                  000027bc    00000070                                   : memory.c.obj (.text:split)
                  0000282c    0000006e                                   : _printfi.c.obj (.text:_mcpy)
                  0000289a    00000002     --HOLE-- [fill = 0]
                  0000289c    0000006c                                   : hostrename.c.obj (.text:HOSTrename)
                  00002908    00000068                                   : hostlseek.c.obj (.text:HOSTlseek)
                  00002970    00000068                                   : copy_decompress_lzss.c.obj (.text:decompress:lzss:__TI_decompress_lzss)
                  000029d8    00000068                                   : printf.c.obj (.text:printf)
                  00002a40    00000064     msp432p4xx_driverlib.lib : uart.o (.text:UART_getEnabledInterruptStatus)
                  00002aa4    00000064     rtsv7M4_T_le_v4SPD16_eabi.lib : s_frexp.c.obj (.text:frexp)
                  00002b08    00000064                                   : fseek.c.obj (.text:fseek)
                  00002b6c    00000062                                   : _io_perm.c.obj (.text:__TI_wrt_ok)
                  00002bce    00000002     --HOLE-- [fill = 0]
                  00002bd0    00000060                                   : hostopen.c.obj (.text:HOSTopen)
                  00002c30    0000005e     msp432p4xx_driverlib.lib : pcm.o (.text:PCM_getCoreVoltageLevel)
                  00002c8e    00000002     --HOLE-- [fill = 0]
                  00002c90    0000005c     rtsv7M4_T_le_v4SPD16_eabi.lib : close.c.obj (.text:close)
                  00002cec    0000005a     msp432p4xx_driverlib.lib : pcm.o (.text:PCM_getPowerMode)
                  00002d46    00000002     --HOLE-- [fill = 0]
                  00002d48    00000058     rtsv7M4_T_le_v4SPD16_eabi.lib : hostread.c.obj (.text:HOSTread)
                  00002da0    00000058                                   : hostwrite.c.obj (.text:HOSTwrite)
                  00002df8    00000056                                   : _printfi.c.obj (.text:_pconv_f)
                  00002e4e    00000054                                   : _ltoa.c.obj (.text:__TI_ltoa)
                  00002ea2    00000052                                   : _printfi.c.obj (.text:_ecpy)
                  00002ef4    0000004c                                   : fflush.c.obj (.text:__TI_doflush)
                  00002f40    0000004c                                   : atoi.c.obj (.text:atoi)
                  00002f8c    00000048     msp432p4xx_driverlib.lib : flash.o (.text:FlashCtl_setWaitState)
                  00002fd4    00000048     rtsv7M4_T_le_v4SPD16_eabi.lib : exit.c.obj (.text:exit)
                  0000301c    00000048                                   : fd_toi_t2.asm.obj (.text)
                  00003064    00000044                                   : hostclose.c.obj (.text:HOSTclose)
                  000030a8    00000044                                   : hostunlink.c.obj (.text:HOSTunlink)
                  000030ec    00000044                                   : autoinit.c.obj (.text:__TI_auto_init_nobinit_nopinit:__TI_auto_init_nobinit_nopinit)
                  00003130    00000044                                   : getdevice.c.obj (.text:getdevice)
                  00003174    00000040     msp432p4xx_driverlib.lib : gpio.o (.text:GPIO_setAsOutputPin)
                  000031b4    0000003e     rtsv7M4_T_le_v4SPD16_eabi.lib : _printfi.c.obj (.text:_fcpy)
                  000031f2    00000002     --HOLE-- [fill = 0]
                  000031f4    00000038                                   : trgmsg.c.obj (.text:__TI_writemsg)
                  0000322c    00000036                                   : strncpy.c.obj (.text:strncpy)
                  00003262    00000002     --HOLE-- [fill = 0]
                  00003264    00000034     msp432p4xx_driverlib.lib : cs.o (.text:CS_setDCOCenteredFrequency)
                  00003298    00000034                              : uart.o (.text:UART_transmitData)
                  000032cc    00000034     rtsv7M4_T_le_v4SPD16_eabi.lib : fopen.c.obj (.text:__TI_cleanup)
                  00003300    00000034                                   : trgmsg.c.obj (.text:__TI_readmsg)
                  00003334    00000034                                   : boot_cortex_m.c.obj (.text:_c_int00_noargs:_c_int00_noargs)
                  00003368    00000030     msp432p4xx_driverlib.lib : uart.o (.text:UART_enableInterrupt)
                  00003398    00000030                              : uart.o (.text:UART_receiveData)
                  000033c8    00000030     rtsv7M4_T_le_v4SPD16_eabi.lib : getdevice.c.obj (.text:finddevice)
                  000033f8    0000002e                                   : i_tofd_t2.asm.obj (.text)
                  00003426    00000002     --HOLE-- [fill = 0]
                  00003428    0000002c                                   : unlink.c.obj (.text:unlink)
                  00003454    00000028     msp432p4xx_driverlib.lib : gpio.o (.text:GPIO_setOutputHighOnPin)
                  0000347c    00000028                              : gpio.o (.text:GPIO_setOutputLowOnPin)
                  000034a4    00000028                              : pcm.o (.text:PCM_gotoLPM0)
                  000034cc    00000028     rtsv7M4_T_le_v4SPD16_eabi.lib : memory.c.obj (.text:free_list_insert)
                  000034f4    00000028                                   : lseek.c.obj (.text:lseek)
                  0000351c    00000028                                   : write.c.obj (.text:write)
                  00003544    00000024     msp432p4xx_driverlib.lib : wdt_a.o (.text:WDT_A_holdTimer)
                  00003568    00000020     rtsv7M4_T_le_v4SPD16_eabi.lib : memchr.c.obj (.text:memchr)
                  00003588    0000001c     msp432p4xx_driverlib.lib : pcm.o (.text:PCM_gotoLPM0InterruptSafe)
                  000035a4    0000001c     rtsv7M4_T_le_v4SPD16_eabi.lib : copy_zero_init.c.obj (.text:decompress:ZI:__TI_zero_init_nomemset:__TI_zero_init_nomemset)
                  000035c0    0000001c                                   : memory.c.obj (.text:free_list_remove)
                  000035dc    0000001c                                   : memccpy.c.obj (.text:memccpy)
                  000035f8    0000001a                                   : s_copysign.c.obj (.text:copysign)
                  00003612    00000018     msp432p4xx_driverlib.lib : uart.o (.text:UART_getInterruptStatus)
                  0000362a    00000018     rtsv7M4_T_le_v4SPD16_eabi.lib : strcmp.c.obj (.text:strcmp)
                  00003642    00000016     msp432p4xx_driverlib.lib : uart.o (.text:UART_enableModule)
                  00003658    00000016     rtsv7M4_T_le_v4SPD16_eabi.lib : strchr.c.obj (.text:strchr)
                  0000366e    00000002     --HOLE-- [fill = 0]
                  00003670    00000014     msp432p4xx_driverlib.lib : pcm.o (.text:PCM_getPowerState)
                  00003684    00000014     rtsv7M4_T_le_v4SPD16_eabi.lib : strcpy.c.obj (.text:strcpy)
                  00003698    00000014                                   : strlen.c.obj (.text:strlen)
                  000036ac    00000012                                   : wcslen.c.obj (.text:wcslen)
                  000036be    00000010     msp432p4xx_driverlib.lib : interrupt.o (.text:Interrupt_disableMaster)
                  000036ce    00000002     --HOLE-- [fill = 0]
                  000036d0    00000010                              : interrupt.o (.text:Interrupt_disableSleepOnIsrExit)
                  000036e0    00000010                              : interrupt.o (.text:Interrupt_enableMaster)
                  000036f0    00000010                              : interrupt.o (.text:Interrupt_enableSleepOnIsrExit)
                  00003700    00000010                              : pcm.o (.text:PCM_setCoreVoltageLevel)
                  00003710    00000010                              : pcm.o (.text:PCM_setPowerMode)
                  00003720    0000000e     rtsv7M4_T_le_v4SPD16_eabi.lib : copy_decompress_none.c.obj (.text:decompress:none:__TI_decompress_none)
                  0000372e    0000000e     startup_msp432p401r_ccs.obj (.text)
                  0000373c    0000000c     msp432p4xx_driverlib.lib : cpu.o (.text:CPU_cpsid)
                  00003748    0000000c                              : cpu.o (.text:CPU_cpsie)
                  00003754    00000008     rtsv7M4_T_le_v4SPD16_eabi.lib : errno.c.obj (.text:__aeabi_errno_addr)
                  0000375c    00000008                                   : memory.c.obj (.text:malloc)
                  00003764    00000004     msp432p4xx_driverlib.lib : cpu.o (.text:CPU_wfi)
                  00003768    00000004     rtsv7M4_T_le_v4SPD16_eabi.lib : printf.c.obj (.text:_outc)
                  0000376c    00000004                                   : printf.c.obj (.text:_outs)
                  00003770    00000004                                   : pre_init.c.obj (.text:_system_pre_init)
                  00003774    00000004                                   : exit.c.obj (.text:abort:abort)

.const     0    00003778    00000164     
                  00003778    00000101     rtsv7M4_T_le_v4SPD16_eabi.lib : ctype.c.obj (.const:.string:_ctypes_)
                  00003879    00000003     --HOLE-- [fill = 0]
                  0000387c    00000030     msp432p4xx_driverlib.lib : gpio.o (.const:GPIO_PORT_TO_BASE)
                  000038ac    00000028     main.obj (.const:uartConfig)
                  000038d4    00000008     msp432p4xx_driverlib.lib : interrupt.o (.const:g_pulEnRegs)

.cinit     0    000038e0    00000098     
                  000038e0    00000070     (.cinit..data.load) [load image, compression = lzss]
                  00003950    0000000c     (__TI_handler_table)
                  0000395c    00000004     --HOLE-- [fill = 0]
                  00003960    00000008     (.cinit..bss.load) [load image, compression = zero_init]
                  00003968    00000010     (__TI_cinit_table)

.init_array 
*          0    00000000    00000000     UNINITIALIZED

.binit     0    00000000    00000000     

.sysmem    0    20000000    00000400     UNINITIALIZED
                  20000000    00000010     rtsv7M4_T_le_v4SPD16_eabi.lib : memory.c.obj (.sysmem)
                  20000010    000003f0     --HOLE--

.data      0    20000400    000001f4     UNINITIALIZED
                  20000400    000000f0     rtsv7M4_T_le_v4SPD16_eabi.lib : defs.c.obj (.data:_ftable)
                  200004f0    00000078                                   : host_device.c.obj (.data:_device)
                  20000568    00000050                                   : host_device.c.obj (.data:_stream)
                  200005b8    00000010                                   : defs.c.obj (.data)
                  200005c8    0000000c                                   : exit.c.obj (.data:$O1$$)
                  200005d4    00000008                                   : _lock.c.obj (.data:$O1$$)
                  200005dc    00000008                                   : memory.c.obj (.data:$O1$$)
                  200005e4    00000008     main.obj (.data)
                  200005ec    00000004     rtsv7M4_T_le_v4SPD16_eabi.lib : errno.c.obj (.data)
                  200005f0    00000004     system_msp432p401r.obj (.data)

.bss       0    200005f4    000001cc     UNINITIALIZED
                  200005f4    00000120     rtsv7M4_T_le_v4SPD16_eabi.lib : trgmsg.c.obj (.bss:_CIOBUF_)
                  20000714    000000a0     (.common:__TI_tmpnams)
                  200007b4    00000008     (.common:parmbuf)
                  200007bc    00000004     (.common:data)

.stack     0    2000fe00    00000200     UNINITIALIZED
                  2000fe00    00000004     rtsv7M4_T_le_v4SPD16_eabi.lib : boot_cortex_m.c.obj (.stack)
                  2000fe04    000001fc     --HOLE--

__llvm_prf_cnts 
*          0    20000000    00000000     UNINITIALIZED

MODULE SUMMARY

       Module                        code    ro data   rw data
       ------                        ----    -------   -------
    .\
       system_msp432p401r.obj        820     0         8      
       main.obj                      240     40        24     
       startup_msp432p401r_ccs.obj   14      228       0      
    +--+-----------------------------+-------+---------+---------+
       Total:                        1074    268       32     
                                                              
    C:/Users/leona/OneDrive/Desktop/simplelink_msp432p4_sdk_3_40_01_02/source/ti/devices/msp432p4xx/driverlib/ccs/msp432p4xx_driverlib.lib
       pcm.o                         916     0         0      
       uart.o                        578     0         0      
       gpio.o                        280     48        0      
       interrupt.o                   192     8         0      
       flash.o                       72      0         0      
       cs.o                          52      0         0      
       wdt_a.o                       36      0         0      
       cpu.o                         28      0         0      
    +--+-----------------------------+-------+---------+---------+
       Total:                        2154    56        0      
                                                              
    C:\ti\ccs1270\ccs\tools\compiler\ti-cgt-arm_20.2.7.LTS\lib\rtsv7M4_T_le_v4SPD16_eabi.lib
       _printfi.c.obj                4851    0         0      
       defs.c.obj                    0       0         832    
       memory.c.obj                  672     0         16     
       trgmsg.c.obj                  108     0         576    
       fd_add_t2.asm.obj             438     0         0      
       host_device.c.obj             0       0         400    
       fd_div_t2.asm.obj             310     0         0      
       fputs.c.obj                   276     0         0      
       s_scalbn.c.obj                272     0         0      
       fd_cmp_t2.asm.obj             268     0         0      
       ctype.c.obj                   0       257       0      
       fd_mul_t2.asm.obj             252     0         0      
       setvbuf.c.obj                 220     0         0      
       memcpy_t2.asm.obj             156     0         0      
       ull_div_t2.asm.obj            150     0         0      
       fputc.c.obj                   140     0         0      
       memset_t2.asm.obj             122     0         0      
       fclose.c.obj                  116     0         0      
       getdevice.c.obj               116     0         0      
       hostopen.c.obj                96      0         16     
       printf.c.obj                  112     0         0      
       hostrename.c.obj              108     0         0      
       copy_decompress_lzss.c.obj    104     0         0      
       hostlseek.c.obj               104     0         0      
       exit.c.obj                    76      0         24     
       fseek.c.obj                   100     0         0      
       s_frexp.c.obj                 100     0         0      
       _io_perm.c.obj                98      0         0      
       close.c.obj                   92      0         0      
       hostread.c.obj                88      0         0      
       hostwrite.c.obj               88      0         0      
       _ltoa.c.obj                   84      0         0      
       atoi.c.obj                    76      0         0      
       fflush.c.obj                  76      0         0      
       fd_toi_t2.asm.obj             72      0         0      
       autoinit.c.obj                68      0         0      
       hostclose.c.obj               68      0         0      
       hostunlink.c.obj              68      0         0      
       strncpy.c.obj                 54      0         0      
       boot_cortex_m.c.obj           52      0         0      
       fopen.c.obj                   52      0         0      
       i_tofd_t2.asm.obj             46      0         0      
       unlink.c.obj                  44      0         0      
       lseek.c.obj                   40      0         0      
       write.c.obj                   40      0         0      
       memchr.c.obj                  32      0         0      
       copy_zero_init.c.obj          28      0         0      
       memccpy.c.obj                 28      0         0      
       s_copysign.c.obj              26      0         0      
       strcmp.c.obj                  24      0         0      
       strchr.c.obj                  22      0         0      
       strcpy.c.obj                  20      0         0      
       strlen.c.obj                  20      0         0      
       _lock.c.obj                   2       0         16     
       wcslen.c.obj                  18      0         0      
       errno.c.obj                   8       0         8      
       copy_decompress_none.c.obj    14      0         0      
       pre_init.c.obj                4       0         0      
       div0.asm.obj                  2       0         0      
    +--+-----------------------------+-------+---------+---------+
       Total:                        10721   257       1888   
                                                              
       Heap:                         0       0         2048   
       Stack:                        0       0         1024   
       Linker Generated:             0       148       0      
    +--+-----------------------------+-------+---------+---------+
       Grand Total:                  13949   729       4992   


LINKER GENERATED COPY TABLES

__TI_cinit_table @ 00003968 records: 2, size/record: 8, table size: 16
	.data: load addr=000038e0, load size=00000070 bytes, run addr=20000400, run size=000001f4 bytes, compression=lzss
	.bss: load addr=00003960, load size=00000008 bytes, run addr=200005f4, run size=000001cc bytes, compression=zero_init


LINKER GENERATED HANDLER TABLE

__TI_handler_table @ 00003950 records: 3, size/record: 4, table size: 12
	index: 0, handler: __TI_decompress_lzss
	index: 1, handler: __TI_decompress_none
	index: 2, handler: __TI_zero_init


GLOBAL SYMBOLS: SORTED ALPHABETICALLY BY Name 

address   name                                      
-------   ----                                      
0000373b  ADC14_IRQHandler                          
0000373b  AES256_IRQHandler                         
0000373b  BusFault_Handler                          
00003775  C$$EXIT                                   
00003223  C$$IO$$                                   
0000373b  COMP_E0_IRQHandler                        
0000373b  COMP_E1_IRQHandler                        
0000373d  CPU_cpsid                                 
00003749  CPU_cpsie                                 
00003765  CPU_wfi                                   
0000373b  CS_IRQHandler                             
00003265  CS_setDCOCenteredFrequency                
0000373b  DMA_ERR_IRQHandler                        
0000373b  DMA_INT0_IRQHandler                       
0000373b  DMA_INT1_IRQHandler                       
0000373b  DMA_INT2_IRQHandler                       
0000373b  DMA_INT3_IRQHandler                       
0000373b  DebugMon_Handler                          
0000373b  Default_Handler                           
0000373b  EUSCIA0_IRQHandler                        
0000373b  EUSCIA1_IRQHandler                        
0000201b  EUSCIA2_IRQHandler                        
0000201b  EUSCIA2_IRQHandler                        
0000373b  EUSCIA3_IRQHandler                        
0000373b  EUSCIB0_IRQHandler                        
0000373b  EUSCIB1_IRQHandler                        
0000373b  EUSCIB2_IRQHandler                        
0000373b  EUSCIB3_IRQHandler                        
0000373b  FLCTL_IRQHandler                          
0000373b  FPU_IRQHandler                            
00002f8d  FlashCtl_setWaitState                     
00003175  GPIO_setAsOutputPin                       
000024b9  GPIO_setAsPeripheralModuleFunctionInputPin
00003455  GPIO_setOutputHighOnPin                   
0000347d  GPIO_setOutputLowOnPin                    
00003065  HOSTclose                                 
00002909  HOSTlseek                                 
00002bd1  HOSTopen                                  
00002d49  HOSTread                                  
0000289d  HOSTrename                                
000030a9  HOSTunlink                                
00002da1  HOSTwrite                                 
0000373b  HardFault_Handler                         
000036bf  Interrupt_disableMaster                   
000036d1  Interrupt_disableSleepOnIsrExit           
0000264d  Interrupt_enableInterrupt                 
000036e1  Interrupt_enableMaster                    
000036f1  Interrupt_enableSleepOnIsrExit            
0000373b  MemManage_Handler                         
0000373b  NMI_Handler                               
0000373b  PCM_IRQHandler                            
00002c31  PCM_getCoreVoltageLevel                   
00002ced  PCM_getPowerMode                          
00003671  PCM_getPowerState                         
000034a5  PCM_gotoLPM0                              
00003589  PCM_gotoLPM0InterruptSafe                 
00003701  PCM_setCoreVoltageLevel                   
00003711  PCM_setPowerMode                          
0000373b  PORT1_IRQHandler                          
0000373b  PORT2_IRQHandler                          
0000373b  PORT3_IRQHandler                          
0000373b  PORT4_IRQHandler                          
0000373b  PORT5_IRQHandler                          
0000373b  PORT6_IRQHandler                          
0000373b  PSS_IRQHandler                            
0000373b  PendSV_Handler                            
0000373b  RTC_C_IRQHandler                          
200005e5  RXData                                    
0000372f  Reset_Handler                             
0000373b  SVC_Handler                               
0000373b  SysTick_Handler                           
200005f0  SystemCoreClock                           
00000b35  SystemCoreClockUpdate                     
00000dad  SystemInit                                
0000373b  T32_INT1_IRQHandler                       
0000373b  T32_INT2_IRQHandler                       
0000373b  T32_INTC_IRQHandler                       
0000373b  TA0_0_IRQHandler                          
0000373b  TA0_N_IRQHandler                          
0000373b  TA1_0_IRQHandler                          
0000373b  TA1_N_IRQHandler                          
0000373b  TA2_0_IRQHandler                          
0000373b  TA2_N_IRQHandler                          
0000373b  TA3_0_IRQHandler                          
0000373b  TA3_N_IRQHandler                          
200005e4  TXData                                    
00003369  UART_enableInterrupt                      
00003643  UART_enableModule                         
00002a41  UART_getEnabledInterruptStatus            
00003613  UART_getInterruptStatus                   
00001955  UART_initModule                           
00003399  UART_receiveData                          
00003299  UART_transmitData                         
0000373b  UsageFault_Handler                        
4000480c  WDTCTL_SYM                                
0000373b  WDT_A_IRQHandler                          
00003545  WDT_A_holdTimer                           
200005f4  __CIOBUF_                                 
20010000  __STACK_END                               
00000200  __STACK_SIZE                              
00000400  __SYSMEM_SIZE                             
00003968  __TI_CINIT_Base                           
00003978  __TI_CINIT_Limit                          
00003950  __TI_Handler_Table_Base                   
0000395c  __TI_Handler_Table_Limit                  
000030ed  __TI_auto_init_nobinit_nopinit            
000032cd  __TI_cleanup                              
200005c8  __TI_cleanup_ptr                          
00002749  __TI_closefile                            
00002971  __TI_decompress_lzss                      
00003721  __TI_decompress_none                      
00002ef5  __TI_doflush                              
200005cc  __TI_dtors_ptr                            
200005d0  __TI_enable_exit_profile_output           
200005b8  __TI_ft_end                               
00002e4f  __TI_ltoa                                 
ffffffff  __TI_pprof_out_hndl                       
000000e5  __TI_printfi                              
ffffffff  __TI_prof_data_size                       
ffffffff  __TI_prof_data_start                      
00003301  __TI_readmsg                              
00000000  __TI_static_base__                        
20000714  __TI_tmpnams                              
000031f5  __TI_writemsg                             
00002b6d  __TI_wrt_ok                               
000035a5  __TI_zero_init_nomemset                   
00002541  __aeabi_cdcmpeq                           
00002541  __aeabi_cdcmple                           
000025c7  __aeabi_cdrcmple                          
0000301d  __aeabi_d2iz                              
000012b3  __aeabi_dadd                              
000016f9  __aeabi_ddiv                              
00001e9d  __aeabi_dmul                              
000012a9  __aeabi_dsub                              
00003755  __aeabi_errno_addr                        
000033f9  __aeabi_i2d                               
0000145f  __aeabi_idiv0                             
0000145f  __aeabi_ldiv0                             
000026cd  __aeabi_memclr                            
000026cd  __aeabi_memclr4                           
000026cd  __aeabi_memclr8                           
000022fb  __aeabi_memcpy                            
000022fb  __aeabi_memcpy4                           
000022fb  __aeabi_memcpy8                           
000026cf  __aeabi_memset                            
000026cf  __aeabi_memset4                           
000026cf  __aeabi_memset8                           
200005c4  __aeabi_stderr                            
200005bc  __aeabi_stdin                             
200005c0  __aeabi_stdout                            
00002397  __aeabi_uldivmod                          
ffffffff  __binit__                                 
ffffffff  __c_args__                                
UNDEFED   __mpu_init                                
2000fe00  __stack                                   
20000000  __start___llvm_prf_cnts                   
20000000  __stop___llvm_prf_cnts                    
00003335  _c_int00_noargs                           
00003778  _ctypes_                                  
200004f0  _device                                   
20000400  _ftable                                   
200005d4  _lock                                     
00000b33  _nop                                      
20000568  _stream                                   
20000000  _sys_memory                               
UNDEFED   _system_post_cinit                        
00003771  _system_pre_init                          
200005d8  _unlock                                   
00003775  abort                                     
00001d9d  aligned_alloc                             
00002f41  atoi                                      
ffffffff  binit                                     
00002c91  close                                     
000035f9  copysign                                  
000035f9  copysignl                                 
200007bc  data                                      
200005ec  errno                                     
00002fd5  exit                                      
000033c9  finddevice                                
0000242d  fputc                                     
00001a71  fputs                                     
00002089  free                                      
00002aa5  frexp                                     
00002aa5  frexpl                                    
00002b09  fseek                                     
00003131  getdevice                                 
200005e8  i                                         
00000000  interruptVectors                          
00001b85  ldexp                                     
00001b85  ldexpl                                    
000034f5  lseek                                     
00001f99  main                                      
0000375d  malloc                                    
00001d9d  memalign                                  
000035dd  memccpy                                   
00003569  memchr                                    
000022fb  memcpy                                    
000026d5  memset                                    
200007b4  parmbuf                                   
000029d9  printf                                    
0000242d  putc                                      
00003429  remove                                    
00001b85  scalbn                                    
00001b85  scalbnl                                   
0000216d  setvbuf                                   
00003659  strchr                                    
0000362b  strcmp                                    
00003685  strcpy                                    
00003699  strlen                                    
0000322d  strncpy                                   
000038ac  uartConfig                                
00003429  unlink                                    
000036ad  wcslen                                    
0000351d  write                                     


GLOBAL SYMBOLS: SORTED BY Symbol Address 

address   name                                      
-------   ----                                      
00000000  __TI_static_base__                        
00000000  interruptVectors                          
000000e5  __TI_printfi                              
00000200  __STACK_SIZE                              
00000400  __SYSMEM_SIZE                             
00000b33  _nop                                      
00000b35  SystemCoreClockUpdate                     
00000dad  SystemInit                                
000012a9  __aeabi_dsub                              
000012b3  __aeabi_dadd                              
0000145f  __aeabi_idiv0                             
0000145f  __aeabi_ldiv0                             
000016f9  __aeabi_ddiv                              
00001955  UART_initModule                           
00001a71  fputs                                     
00001b85  ldexp                                     
00001b85  ldexpl                                    
00001b85  scalbn                                    
00001b85  scalbnl                                   
00001d9d  aligned_alloc                             
00001d9d  memalign                                  
00001e9d  __aeabi_dmul                              
00001f99  main                                      
0000201b  EUSCIA2_IRQHandler                        
0000201b  EUSCIA2_IRQHandler                        
00002089  free                                      
0000216d  setvbuf                                   
000022fb  __aeabi_memcpy                            
000022fb  __aeabi_memcpy4                           
000022fb  __aeabi_memcpy8                           
000022fb  memcpy                                    
00002397  __aeabi_uldivmod                          
0000242d  fputc                                     
0000242d  putc                                      
000024b9  GPIO_setAsPeripheralModuleFunctionInputPin
00002541  __aeabi_cdcmpeq                           
00002541  __aeabi_cdcmple                           
000025c7  __aeabi_cdrcmple                          
0000264d  Interrupt_enableInterrupt                 
000026cd  __aeabi_memclr                            
000026cd  __aeabi_memclr4                           
000026cd  __aeabi_memclr8                           
000026cf  __aeabi_memset                            
000026cf  __aeabi_memset4                           
000026cf  __aeabi_memset8                           
000026d5  memset                                    
00002749  __TI_closefile                            
0000289d  HOSTrename                                
00002909  HOSTlseek                                 
00002971  __TI_decompress_lzss                      
000029d9  printf                                    
00002a41  UART_getEnabledInterruptStatus            
00002aa5  frexp                                     
00002aa5  frexpl                                    
00002b09  fseek                                     
00002b6d  __TI_wrt_ok                               
00002bd1  HOSTopen                                  
00002c31  PCM_getCoreVoltageLevel                   
00002c91  close                                     
00002ced  PCM_getPowerMode                          
00002d49  HOSTread                                  
00002da1  HOSTwrite                                 
00002e4f  __TI_ltoa                                 
00002ef5  __TI_doflush                              
00002f41  atoi                                      
00002f8d  FlashCtl_setWaitState                     
00002fd5  exit                                      
0000301d  __aeabi_d2iz                              
00003065  HOSTclose                                 
000030a9  HOSTunlink                                
000030ed  __TI_auto_init_nobinit_nopinit            
00003131  getdevice                                 
00003175  GPIO_setAsOutputPin                       
000031f5  __TI_writemsg                             
00003223  C$$IO$$                                   
0000322d  strncpy                                   
00003265  CS_setDCOCenteredFrequency                
00003299  UART_transmitData                         
000032cd  __TI_cleanup                              
00003301  __TI_readmsg                              
00003335  _c_int00_noargs                           
00003369  UART_enableInterrupt                      
00003399  UART_receiveData                          
000033c9  finddevice                                
000033f9  __aeabi_i2d                               
00003429  remove                                    
00003429  unlink                                    
00003455  GPIO_setOutputHighOnPin                   
0000347d  GPIO_setOutputLowOnPin                    
000034a5  PCM_gotoLPM0                              
000034f5  lseek                                     
0000351d  write                                     
00003545  WDT_A_holdTimer                           
00003569  memchr                                    
00003589  PCM_gotoLPM0InterruptSafe                 
000035a5  __TI_zero_init_nomemset                   
000035dd  memccpy                                   
000035f9  copysign                                  
000035f9  copysignl                                 
00003613  UART_getInterruptStatus                   
0000362b  strcmp                                    
00003643  UART_enableModule                         
00003659  strchr                                    
00003671  PCM_getPowerState                         
00003685  strcpy                                    
00003699  strlen                                    
000036ad  wcslen                                    
000036bf  Interrupt_disableMaster                   
000036d1  Interrupt_disableSleepOnIsrExit           
000036e1  Interrupt_enableMaster                    
000036f1  Interrupt_enableSleepOnIsrExit            
00003701  PCM_setCoreVoltageLevel                   
00003711  PCM_setPowerMode                          
00003721  __TI_decompress_none                      
0000372f  Reset_Handler                             
0000373b  ADC14_IRQHandler                          
0000373b  AES256_IRQHandler                         
0000373b  BusFault_Handler                          
0000373b  COMP_E0_IRQHandler                        
0000373b  COMP_E1_IRQHandler                        
0000373b  CS_IRQHandler                             
0000373b  DMA_ERR_IRQHandler                        
0000373b  DMA_INT0_IRQHandler                       
0000373b  DMA_INT1_IRQHandler                       
0000373b  DMA_INT2_IRQHandler                       
0000373b  DMA_INT3_IRQHandler                       
0000373b  DebugMon_Handler                          
0000373b  Default_Handler                           
0000373b  EUSCIA0_IRQHandler                        
0000373b  EUSCIA1_IRQHandler                        
0000373b  EUSCIA3_IRQHandler                        
0000373b  EUSCIB0_IRQHandler                        
0000373b  EUSCIB1_IRQHandler                        
0000373b  EUSCIB2_IRQHandler                        
0000373b  EUSCIB3_IRQHandler                        
0000373b  FLCTL_IRQHandler                          
0000373b  FPU_IRQHandler                            
0000373b  HardFault_Handler                         
0000373b  MemManage_Handler                         
0000373b  NMI_Handler                               
0000373b  PCM_IRQHandler                            
0000373b  PORT1_IRQHandler                          
0000373b  PORT2_IRQHandler                          
0000373b  PORT3_IRQHandler                          
0000373b  PORT4_IRQHandler                          
0000373b  PORT5_IRQHandler                          
0000373b  PORT6_IRQHandler                          
0000373b  PSS_IRQHandler                            
0000373b  PendSV_Handler                            
0000373b  RTC_C_IRQHandler                          
0000373b  SVC_Handler                               
0000373b  SysTick_Handler                           
0000373b  T32_INT1_IRQHandler                       
0000373b  T32_INT2_IRQHandler                       
0000373b  T32_INTC_IRQHandler                       
0000373b  TA0_0_IRQHandler                          
0000373b  TA0_N_IRQHandler                          
0000373b  TA1_0_IRQHandler                          
0000373b  TA1_N_IRQHandler                          
0000373b  TA2_0_IRQHandler                          
0000373b  TA2_N_IRQHandler                          
0000373b  TA3_0_IRQHandler                          
0000373b  TA3_N_IRQHandler                          
0000373b  UsageFault_Handler                        
0000373b  WDT_A_IRQHandler                          
0000373d  CPU_cpsid                                 
00003749  CPU_cpsie                                 
00003755  __aeabi_errno_addr                        
0000375d  malloc                                    
00003765  CPU_wfi                                   
00003771  _system_pre_init                          
00003775  C$$EXIT                                   
00003775  abort                                     
00003778  _ctypes_                                  
000038ac  uartConfig                                
00003950  __TI_Handler_Table_Base                   
0000395c  __TI_Handler_Table_Limit                  
00003968  __TI_CINIT_Base                           
00003978  __TI_CINIT_Limit                          
20000000  __start___llvm_prf_cnts                   
20000000  __stop___llvm_prf_cnts                    
20000000  _sys_memory                               
20000400  _ftable                                   
200004f0  _device                                   
20000568  _stream                                   
200005b8  __TI_ft_end                               
200005bc  __aeabi_stdin                             
200005c0  __aeabi_stdout                            
200005c4  __aeabi_stderr                            
200005c8  __TI_cleanup_ptr                          
200005cc  __TI_dtors_ptr                            
200005d0  __TI_enable_exit_profile_output           
200005d4  _lock                                     
200005d8  _unlock                                   
200005e4  TXData                                    
200005e5  RXData                                    
200005e8  i                                         
200005ec  errno                                     
200005f0  SystemCoreClock                           
200005f4  __CIOBUF_                                 
20000714  __TI_tmpnams                              
200007b4  parmbuf                                   
200007bc  data                                      
2000fe00  __stack                                   
20010000  __STACK_END                               
4000480c  WDTCTL_SYM                                
ffffffff  __TI_pprof_out_hndl                       
ffffffff  __TI_prof_data_size                       
ffffffff  __TI_prof_data_start                      
ffffffff  __binit__                                 
ffffffff  __c_args__                                
ffffffff  binit                                     
UNDEFED   __mpu_init                                
UNDEFED   _system_post_cinit                        

[214 symbols]
