<?xml version="1.0" encoding="ISO-8859-1" ?>
<link_info>
   <banner>TI ARM Linker PC v20.2.7.LTS</banner>
   <copyright>Copyright (c) 1996-2018 Texas Instruments Incorporated</copyright>
   <link_time>0x67b20fe9</link_time>
   <link_errors>0x0</link_errors>
   <output_file>servoControl.out</output_file>
   <entry_point>
      <name>_c_int00_noargs</name>
      <address>0xdad</address>
   </entry_point>
   <input_file_list>
      <input_file id="fl-2">
         <path>.\</path>
         <kind>object</kind>
         <file>main.obj</file>
         <name>main.obj</name>
      </input_file>
      <input_file id="fl-3">
         <path>.\</path>
         <kind>object</kind>
         <file>startup_msp432p401r_ccs.obj</file>
         <name>startup_msp432p401r_ccs.obj</name>
      </input_file>
      <input_file id="fl-4">
         <path>.\</path>
         <kind>object</kind>
         <file>system_msp432p401r.obj</file>
         <name>system_msp432p401r.obj</name>
      </input_file>
      <input_file id="fl-9">
         <kind>object</kind>
         <file>&lt;internal&gt;</file>
         <name>&lt;internal&gt;</name>
      </input_file>
      <input_file id="fl-bf">
         <path>C:\ti\ccs1270\ccs\tools\compiler\ti-cgt-arm_20.2.7.LTS\lib\</path>
         <kind>archive</kind>
         <file>rtsv7M4_T_le_v4SPD16_eabi.lib</file>
         <name>copy_zero_init.c.obj</name>
      </input_file>
      <input_file id="fl-c0">
         <path>C:\ti\ccs1270\ccs\tools\compiler\ti-cgt-arm_20.2.7.LTS\lib\</path>
         <kind>archive</kind>
         <file>rtsv7M4_T_le_v4SPD16_eabi.lib</file>
         <name>copy_decompress_none.c.obj</name>
      </input_file>
      <input_file id="fl-c1">
         <path>C:\ti\ccs1270\ccs\tools\compiler\ti-cgt-arm_20.2.7.LTS\lib\</path>
         <kind>archive</kind>
         <file>rtsv7M4_T_le_v4SPD16_eabi.lib</file>
         <name>copy_decompress_lzss.c.obj</name>
      </input_file>
      <input_file id="fl-c2">
         <path>C:\ti\ccs1270\ccs\tools\compiler\ti-cgt-arm_20.2.7.LTS\lib\</path>
         <kind>archive</kind>
         <file>rtsv7M4_T_le_v4SPD16_eabi.lib</file>
         <name>boot_cortex_m.c.obj</name>
      </input_file>
      <input_file id="fl-c3">
         <path>C:\ti\ccs1270\ccs\tools\compiler\ti-cgt-arm_20.2.7.LTS\lib\</path>
         <kind>archive</kind>
         <file>rtsv7M4_T_le_v4SPD16_eabi.lib</file>
         <name>memcpy_t2.asm.obj</name>
      </input_file>
      <input_file id="fl-c4">
         <path>C:\ti\ccs1270\ccs\tools\compiler\ti-cgt-arm_20.2.7.LTS\lib\</path>
         <kind>archive</kind>
         <file>rtsv7M4_T_le_v4SPD16_eabi.lib</file>
         <name>memset_t2.asm.obj</name>
      </input_file>
      <input_file id="fl-c5">
         <path>C:\ti\ccs1270\ccs\tools\compiler\ti-cgt-arm_20.2.7.LTS\lib\</path>
         <kind>archive</kind>
         <file>rtsv7M4_T_le_v4SPD16_eabi.lib</file>
         <name>autoinit.c.obj</name>
      </input_file>
      <input_file id="fl-c6">
         <path>C:\ti\ccs1270\ccs\tools\compiler\ti-cgt-arm_20.2.7.LTS\lib\</path>
         <kind>archive</kind>
         <file>rtsv7M4_T_le_v4SPD16_eabi.lib</file>
         <name>pre_init.c.obj</name>
      </input_file>
      <input_file id="fl-c7">
         <path>C:\ti\ccs1270\ccs\tools\compiler\ti-cgt-arm_20.2.7.LTS\lib\</path>
         <kind>archive</kind>
         <file>rtsv7M4_T_le_v4SPD16_eabi.lib</file>
         <name>cpy_tbl.c.obj</name>
      </input_file>
      <input_file id="fl-c8">
         <path>C:\ti\ccs1270\ccs\tools\compiler\ti-cgt-arm_20.2.7.LTS\lib\</path>
         <kind>archive</kind>
         <file>rtsv7M4_T_le_v4SPD16_eabi.lib</file>
         <name>exit.c.obj</name>
      </input_file>
      <input_file id="fl-c9">
         <path>C:\ti\ccs1270\ccs\tools\compiler\ti-cgt-arm_20.2.7.LTS\lib\</path>
         <kind>archive</kind>
         <file>rtsv7M4_T_le_v4SPD16_eabi.lib</file>
         <name>_lock.c.obj</name>
      </input_file>
      <input_file id="fl-ca">
         <path>C:\ti\ccs1270\ccs\tools\compiler\ti-cgt-arm_20.2.7.LTS\lib\</path>
         <kind>archive</kind>
         <file>rtsv7M4_T_le_v4SPD16_eabi.lib</file>
         <name>args_main.c.obj</name>
      </input_file>
      <input_file id="fl-cb">
         <path>C:\Users\leona\OneDrive\Desktop\simplelink_msp432p4_sdk_3_40_01_02\source\ti\devices\msp432p4xx\driverlib\ccs\</path>
         <kind>archive</kind>
         <file>msp432p4xx_driverlib.lib</file>
         <name>cs.o</name>
      </input_file>
      <input_file id="fl-cc">
         <path>C:\Users\leona\OneDrive\Desktop\simplelink_msp432p4_sdk_3_40_01_02\source\ti\devices\msp432p4xx\driverlib\ccs\</path>
         <kind>archive</kind>
         <file>msp432p4xx_driverlib.lib</file>
         <name>gpio.o</name>
      </input_file>
      <input_file id="fl-cd">
         <path>C:\Users\leona\OneDrive\Desktop\simplelink_msp432p4_sdk_3_40_01_02\source\ti\devices\msp432p4xx\driverlib\ccs\</path>
         <kind>archive</kind>
         <file>msp432p4xx_driverlib.lib</file>
         <name>interrupt.o</name>
      </input_file>
      <input_file id="fl-ce">
         <path>C:\Users\leona\OneDrive\Desktop\simplelink_msp432p4_sdk_3_40_01_02\source\ti\devices\msp432p4xx\driverlib\ccs\</path>
         <kind>archive</kind>
         <file>msp432p4xx_driverlib.lib</file>
         <name>pcm.o</name>
      </input_file>
      <input_file id="fl-cf">
         <path>C:\Users\leona\OneDrive\Desktop\simplelink_msp432p4_sdk_3_40_01_02\source\ti\devices\msp432p4xx\driverlib\ccs\</path>
         <kind>archive</kind>
         <file>msp432p4xx_driverlib.lib</file>
         <name>rtc_c.o</name>
      </input_file>
      <input_file id="fl-d0">
         <path>C:\Users\leona\OneDrive\Desktop\simplelink_msp432p4_sdk_3_40_01_02\source\ti\devices\msp432p4xx\driverlib\ccs\</path>
         <kind>archive</kind>
         <file>msp432p4xx_driverlib.lib</file>
         <name>sysctl_a.o</name>
      </input_file>
      <input_file id="fl-d1">
         <path>C:\Users\leona\OneDrive\Desktop\simplelink_msp432p4_sdk_3_40_01_02\source\ti\devices\msp432p4xx\driverlib\ccs\</path>
         <kind>archive</kind>
         <file>msp432p4xx_driverlib.lib</file>
         <name>timer_a.o</name>
      </input_file>
      <input_file id="fl-d2">
         <path>C:\Users\leona\OneDrive\Desktop\simplelink_msp432p4_sdk_3_40_01_02\source\ti\devices\msp432p4xx\driverlib\ccs\</path>
         <kind>archive</kind>
         <file>msp432p4xx_driverlib.lib</file>
         <name>uart.o</name>
      </input_file>
      <input_file id="fl-d3">
         <path>C:\Users\leona\OneDrive\Desktop\simplelink_msp432p4_sdk_3_40_01_02\source\ti\devices\msp432p4xx\driverlib\ccs\</path>
         <kind>archive</kind>
         <file>msp432p4xx_driverlib.lib</file>
         <name>wdt_a.o</name>
      </input_file>
      <input_file id="fl-d4">
         <path>C:\Users\leona\OneDrive\Desktop\simplelink_msp432p4_sdk_3_40_01_02\source\ti\devices\msp432p4xx\driverlib\ccs\</path>
         <kind>archive</kind>
         <file>msp432p4xx_driverlib.lib</file>
         <name>cpu.o</name>
      </input_file>
   </input_file_list>
   <object_component_list>
      <object_component id="oc-26">
         <name>.intvecs:retain</name>
         <load_address>0x0</load_address>
         <run_address>0x0</run_address>
         <size>0xe4</size>
         <input_file_ref idref="fl-3"/>
      </object_component>
      <object_component id="oc-a5">
         <name>.text</name>
         <load_address>0xe4</load_address>
         <run_address>0xe4</run_address>
         <size>0x334</size>
         <input_file_ref idref="fl-4"/>
      </object_component>
      <object_component id="oc-6d">
         <name>.text</name>
         <load_address>0x418</load_address>
         <run_address>0x418</run_address>
         <size>0x2cc</size>
         <input_file_ref idref="fl-2"/>
      </object_component>
      <object_component id="oc-1e1">
         <name>.text:privateTimer_AProcessClockSourceDivider</name>
         <load_address>0x6e4</load_address>
         <run_address>0x6e4</run_address>
         <size>0x144</size>
         <input_file_ref idref="fl-d1"/>
      </object_component>
      <object_component id="oc-f4">
         <name>.text:UART_initModule</name>
         <load_address>0x828</load_address>
         <run_address>0x828</run_address>
         <size>0x11c</size>
         <input_file_ref idref="fl-d2"/>
      </object_component>
      <object_component id="oc-37">
         <name>.text</name>
         <load_address>0x944</load_address>
         <run_address>0x944</run_address>
         <size>0x9c</size>
         <input_file_ref idref="fl-c3"/>
      </object_component>
      <object_component id="oc-e2">
         <name>.text:GPIO_setAsPeripheralModuleFunctionInputPin</name>
         <load_address>0x9e0</load_address>
         <run_address>0x9e0</run_address>
         <size>0x88</size>
         <input_file_ref idref="fl-cc"/>
      </object_component>
      <object_component id="oc-10c">
         <name>.text:GPIO_setAsPeripheralModuleFunctionOutputPin</name>
         <load_address>0xa68</load_address>
         <run_address>0xa68</run_address>
         <size>0x88</size>
         <input_file_ref idref="fl-cc"/>
      </object_component>
      <object_component id="oc-106">
         <name>.text:Interrupt_enableInterrupt</name>
         <load_address>0xaf0</load_address>
         <run_address>0xaf0</run_address>
         <size>0x80</size>
         <input_file_ref idref="fl-cd"/>
      </object_component>
      <object_component id="oc-112">
         <name>.text:Timer_A_configureUpMode</name>
         <load_address>0xb70</load_address>
         <run_address>0xb70</run_address>
         <size>0x68</size>
         <input_file_ref idref="fl-d1"/>
      </object_component>
      <object_component id="oc-17">
         <name>.text:decompress:lzss:__TI_decompress_lzss</name>
         <load_address>0xbd8</load_address>
         <run_address>0xbd8</run_address>
         <size>0x68</size>
         <input_file_ref idref="fl-c1"/>
      </object_component>
      <object_component id="oc-c4">
         <name>.text:UART_getEnabledInterruptStatus</name>
         <load_address>0xc40</load_address>
         <run_address>0xc40</run_address>
         <size>0x64</size>
         <input_file_ref idref="fl-d2"/>
      </object_component>
      <object_component id="oc-118">
         <name>.text:Timer_A_initCompare</name>
         <load_address>0xca4</load_address>
         <run_address>0xca4</run_address>
         <size>0x4e</size>
         <input_file_ref idref="fl-d1"/>
      </object_component>
      <object_component id="oc-171">
         <name>.text:__TI_auto_init_nobinit_nopinit:__TI_auto_init_nobinit_nopinit</name>
         <load_address>0xcf4</load_address>
         <run_address>0xcf4</run_address>
         <size>0x44</size>
         <input_file_ref idref="fl-c5"/>
      </object_component>
      <object_component id="oc-e8">
         <name>.text:GPIO_setAsOutputPin</name>
         <load_address>0xd38</load_address>
         <run_address>0xd38</run_address>
         <size>0x40</size>
         <input_file_ref idref="fl-cc"/>
      </object_component>
      <object_component id="oc-b2">
         <name>.text:CS_setDCOCenteredFrequency</name>
         <load_address>0xd78</load_address>
         <run_address>0xd78</run_address>
         <size>0x34</size>
         <input_file_ref idref="fl-cb"/>
      </object_component>
      <object_component id="oc-55">
         <name>.text:_c_int00_noargs:_c_int00_noargs</name>
         <load_address>0xdac</load_address>
         <run_address>0xdac</run_address>
         <size>0x34</size>
         <input_file_ref idref="fl-c2"/>
      </object_component>
      <object_component id="oc-100">
         <name>.text:UART_enableInterrupt</name>
         <load_address>0xde0</load_address>
         <run_address>0xde0</run_address>
         <size>0x30</size>
         <input_file_ref idref="fl-d2"/>
      </object_component>
      <object_component id="oc-d0">
         <name>.text:UART_receiveData</name>
         <load_address>0xe10</load_address>
         <run_address>0xe10</run_address>
         <size>0x30</size>
         <input_file_ref idref="fl-d2"/>
      </object_component>
      <object_component id="oc-ca">
         <name>.text:GPIO_setOutputHighOnPin</name>
         <load_address>0xe40</load_address>
         <run_address>0xe40</run_address>
         <size>0x28</size>
         <input_file_ref idref="fl-cc"/>
      </object_component>
      <object_component id="oc-ee">
         <name>.text:GPIO_setOutputLowOnPin</name>
         <load_address>0xe68</load_address>
         <run_address>0xe68</run_address>
         <size>0x28</size>
         <input_file_ref idref="fl-cc"/>
      </object_component>
      <object_component id="oc-1b5">
         <name>.text:PCM_gotoLPM0</name>
         <load_address>0xe90</load_address>
         <run_address>0xe90</run_address>
         <size>0x28</size>
         <input_file_ref idref="fl-ce"/>
      </object_component>
      <object_component id="oc-dc">
         <name>.text:Timer_A_setCompareValue</name>
         <load_address>0xeb8</load_address>
         <run_address>0xeb8</run_address>
         <size>0x28</size>
         <input_file_ref idref="fl-d1"/>
      </object_component>
      <object_component id="oc-ac">
         <name>.text:WDT_A_holdTimer</name>
         <load_address>0xee0</load_address>
         <run_address>0xee0</run_address>
         <size>0x24</size>
         <input_file_ref idref="fl-d3"/>
      </object_component>
      <object_component id="oc-be">
         <name>.text:PCM_gotoLPM0InterruptSafe</name>
         <load_address>0xf04</load_address>
         <run_address>0xf04</run_address>
         <size>0x1c</size>
         <input_file_ref idref="fl-ce"/>
      </object_component>
      <object_component id="oc-43">
         <name>.text:decompress:ZI:__TI_zero_init_nomemset:__TI_zero_init_nomemset</name>
         <load_address>0xf20</load_address>
         <run_address>0xf20</run_address>
         <size>0x1c</size>
         <input_file_ref idref="fl-bf"/>
      </object_component>
      <object_component id="oc-1c2">
         <name>.text:UART_getInterruptStatus</name>
         <load_address>0xf3c</load_address>
         <run_address>0xf3c</run_address>
         <size>0x18</size>
         <input_file_ref idref="fl-d2"/>
      </object_component>
      <object_component id="oc-11e">
         <name>.text:Timer_A_startCounter</name>
         <load_address>0xf54</load_address>
         <run_address>0xf54</run_address>
         <size>0x16</size>
         <input_file_ref idref="fl-d1"/>
      </object_component>
      <object_component id="oc-fa">
         <name>.text:UART_enableModule</name>
         <load_address>0xf6a</load_address>
         <run_address>0xf6a</run_address>
         <size>0x16</size>
         <input_file_ref idref="fl-d2"/>
      </object_component>
      <object_component id="oc-1af">
         <name>.text:Interrupt_disableMaster</name>
         <load_address>0xf80</load_address>
         <run_address>0xf80</run_address>
         <size>0x10</size>
         <input_file_ref idref="fl-cd"/>
      </object_component>
      <object_component id="oc-d6">
         <name>.text:Interrupt_disableSleepOnIsrExit</name>
         <load_address>0xf90</load_address>
         <run_address>0xf90</run_address>
         <size>0x10</size>
         <input_file_ref idref="fl-cd"/>
      </object_component>
      <object_component id="oc-1bb">
         <name>.text:Interrupt_enableMaster</name>
         <load_address>0xfa0</load_address>
         <run_address>0xfa0</run_address>
         <size>0x10</size>
         <input_file_ref idref="fl-cd"/>
      </object_component>
      <object_component id="oc-b8">
         <name>.text:Interrupt_enableSleepOnIsrExit</name>
         <load_address>0xfb0</load_address>
         <run_address>0xfb0</run_address>
         <size>0x10</size>
         <input_file_ref idref="fl-cd"/>
      </object_component>
      <object_component id="oc-1d">
         <name>.text:decompress:none:__TI_decompress_none</name>
         <load_address>0xfc0</load_address>
         <run_address>0xfc0</run_address>
         <size>0xe</size>
         <input_file_ref idref="fl-c0"/>
      </object_component>
      <object_component id="oc-67">
         <name>.text</name>
         <load_address>0xfce</load_address>
         <run_address>0xfce</run_address>
         <size>0xe</size>
         <input_file_ref idref="fl-3"/>
      </object_component>
      <object_component id="oc-23e">
         <name>.text:CPU_cpsid</name>
         <load_address>0xfdc</load_address>
         <run_address>0xfdc</run_address>
         <size>0xc</size>
         <input_file_ref idref="fl-d4"/>
      </object_component>
      <object_component id="oc-24c">
         <name>.text:CPU_cpsie</name>
         <load_address>0xfe8</load_address>
         <run_address>0xfe8</run_address>
         <size>0xc</size>
         <input_file_ref idref="fl-d4"/>
      </object_component>
      <object_component id="oc-245">
         <name>.text:CPU_wfi</name>
         <load_address>0xff4</load_address>
         <run_address>0xff4</run_address>
         <size>0x4</size>
         <input_file_ref idref="fl-d4"/>
      </object_component>
      <object_component id="oc-93">
         <name>.text:_system_pre_init</name>
         <load_address>0xff8</load_address>
         <run_address>0xff8</run_address>
         <size>0x4</size>
         <input_file_ref idref="fl-c6"/>
      </object_component>
      <object_component id="oc-165">
         <name>.text:abort:abort</name>
         <load_address>0xffc</load_address>
         <run_address>0xffc</run_address>
         <size>0x4</size>
         <input_file_ref idref="fl-c8"/>
      </object_component>
      <object_component id="oc-1ce">
         <name>.const:GPIO_PORT_TO_BASE</name>
         <load_address>0x1000</load_address>
         <run_address>0x1000</run_address>
         <size>0x30</size>
         <input_file_ref idref="fl-cc"/>
      </object_component>
      <object_component id="oc-12d">
         <name>.const:uartConfig</name>
         <load_address>0x1030</load_address>
         <run_address>0x1030</run_address>
         <size>0x28</size>
         <input_file_ref idref="fl-2"/>
      </object_component>
      <object_component id="oc-130">
         <name>.const:$P$T0$1</name>
         <load_address>0x1058</load_address>
         <run_address>0x1058</run_address>
         <size>0x18</size>
         <input_file_ref idref="fl-2"/>
      </object_component>
      <object_component id="oc-133">
         <name>.const:$P$T1$2</name>
         <load_address>0x1070</load_address>
         <run_address>0x1070</run_address>
         <size>0x10</size>
         <input_file_ref idref="fl-2"/>
      </object_component>
      <object_component id="oc-136">
         <name>.const:$P$T2$3</name>
         <load_address>0x1080</load_address>
         <run_address>0x1080</run_address>
         <size>0x10</size>
         <input_file_ref idref="fl-2"/>
      </object_component>
      <object_component id="oc-1dc">
         <name>.const:g_pulEnRegs</name>
         <load_address>0x1090</load_address>
         <run_address>0x1090</run_address>
         <size>0x8</size>
         <input_file_ref idref="fl-cd"/>
      </object_component>
      <object_component id="oc-2e8">
         <name>.cinit..data.load</name>
         <load_address>0x1098</load_address>
         <run_address>0x1098</run_address>
         <size>0x2d</size>
      </object_component>
      <object_component id="oc-2e6">
         <name>__TI_handler_table</name>
         <load_address>0x10c8</load_address>
         <run_address>0x10c8</run_address>
         <size>0xc</size>
      </object_component>
      <object_component id="oc-2e9">
         <name>.cinit..bss.load</name>
         <load_address>0x10d8</load_address>
         <run_address>0x10d8</run_address>
         <size>0x8</size>
      </object_component>
      <object_component id="oc-2e7">
         <name>__TI_cinit_table</name>
         <load_address>0x10e0</load_address>
         <run_address>0x10e0</run_address>
         <size>0x10</size>
      </object_component>
      <object_component id="oc-2ba">
         <name>.binit</name>
         <load_address>0x0</load_address>
         <run_address>0x0</run_address>
         <size>0x0</size>
      </object_component>
      <object_component id="oc-12a">
         <name>.data:fsm</name>
         <load_address>0x20000000</load_address>
         <run_address>0x20000000</run_address>
         <size>0x28</size>
         <input_file_ref idref="fl-2"/>
      </object_component>
      <object_component id="oc-124">
         <name>.data</name>
         <load_address>0x2000002c</load_address>
         <run_address>0x2000002c</run_address>
         <size>0x3</size>
         <input_file_ref idref="fl-2"/>
      </object_component>
      <object_component id="oc-1a3">
         <name>.data</name>
         <load_address>0x20000028</load_address>
         <run_address>0x20000028</run_address>
         <size>0x4</size>
         <input_file_ref idref="fl-4"/>
      </object_component>
      <object_component id="oc-127">
         <name>.common:RXData</name>
         <uninitialized>true</uninitialized>
         <run_address>0x2000002f</run_address>
         <size>0x1</size>
      </object_component>
      <object_component id="oc-29">
         <name>.stack</name>
         <uninitialized>true</uninitialized>
         <run_address>0x2000fe00</run_address>
         <size>0x4</size>
         <input_file_ref idref="fl-c2"/>
      </object_component>
      <object_component id="oc-2eb">
         <name>.stack</name>
         <uninitialized>true</uninitialized>
         <run_address>0x2000fe00</run_address>
         <size>0x0</size>
      </object_component>
      <object_component id="oc-128">
         <name>.debug_info</name>
         <load_address>0x0</load_address>
         <run_address>0x0</run_address>
         <size>0xb2b</size>
         <input_file_ref idref="fl-2"/>
      </object_component>
      <object_component id="oc-12b">
         <name>.debug_info</name>
         <load_address>0xb2b</load_address>
         <run_address>0xb2b</run_address>
         <size>0xc5</size>
         <input_file_ref idref="fl-2"/>
      </object_component>
      <object_component id="oc-125">
         <name>.debug_info</name>
         <load_address>0xbf0</load_address>
         <run_address>0xbf0</run_address>
         <size>0x105</size>
         <input_file_ref idref="fl-2"/>
      </object_component>
      <object_component id="oc-12e">
         <name>.debug_info</name>
         <load_address>0xcf5</load_address>
         <run_address>0xcf5</run_address>
         <size>0xd3</size>
         <input_file_ref idref="fl-2"/>
      </object_component>
      <object_component id="oc-131">
         <name>.debug_info</name>
         <load_address>0xdc8</load_address>
         <run_address>0xdc8</run_address>
         <size>0xcc</size>
         <input_file_ref idref="fl-2"/>
      </object_component>
      <object_component id="oc-134">
         <name>.debug_info</name>
         <load_address>0xe94</load_address>
         <run_address>0xe94</run_address>
         <size>0xcc</size>
         <input_file_ref idref="fl-2"/>
      </object_component>
      <object_component id="oc-137">
         <name>.debug_info</name>
         <load_address>0xf60</load_address>
         <run_address>0xf60</run_address>
         <size>0xcc</size>
         <input_file_ref idref="fl-2"/>
      </object_component>
      <object_component id="oc-6e">
         <name>.debug_info</name>
         <load_address>0x102c</load_address>
         <run_address>0x102c</run_address>
         <size>0x87d</size>
         <input_file_ref idref="fl-2"/>
      </object_component>
      <object_component id="oc-144">
         <name>.debug_info</name>
         <load_address>0x18a9</load_address>
         <run_address>0x18a9</run_address>
         <size>0xab</size>
         <input_file_ref idref="fl-2"/>
      </object_component>
      <object_component id="oc-150">
         <name>.debug_info</name>
         <load_address>0x1954</load_address>
         <run_address>0x1954</run_address>
         <size>0x26b</size>
         <input_file_ref idref="fl-2"/>
      </object_component>
      <object_component id="oc-1f4">
         <name>.debug_info</name>
         <load_address>0x1bbf</load_address>
         <run_address>0x1bbf</run_address>
         <size>0x1055</size>
         <input_file_ref idref="fl-2"/>
      </object_component>
      <object_component id="oc-1ef">
         <name>.debug_info</name>
         <load_address>0x2c14</load_address>
         <run_address>0x2c14</run_address>
         <size>0x37e2</size>
         <input_file_ref idref="fl-2"/>
      </object_component>
      <object_component id="oc-149">
         <name>.debug_info</name>
         <load_address>0x63f6</load_address>
         <run_address>0x63f6</run_address>
         <size>0x341</size>
         <input_file_ref idref="fl-2"/>
      </object_component>
      <object_component id="oc-13a">
         <name>.debug_info</name>
         <load_address>0x6737</load_address>
         <run_address>0x6737</run_address>
         <size>0x8b</size>
         <input_file_ref idref="fl-2"/>
      </object_component>
      <object_component id="oc-212">
         <name>.debug_info</name>
         <load_address>0x67c2</load_address>
         <run_address>0x67c2</run_address>
         <size>0x2a4</size>
         <input_file_ref idref="fl-2"/>
      </object_component>
      <object_component id="oc-203">
         <name>.debug_info</name>
         <load_address>0x6a66</load_address>
         <run_address>0x6a66</run_address>
         <size>0xef</size>
         <input_file_ref idref="fl-2"/>
      </object_component>
      <object_component id="oc-13f">
         <name>.debug_info</name>
         <load_address>0x6b55</load_address>
         <run_address>0x6b55</run_address>
         <size>0xbb</size>
         <input_file_ref idref="fl-2"/>
      </object_component>
      <object_component id="oc-15c">
         <name>.debug_info</name>
         <load_address>0x6c10</load_address>
         <run_address>0x6c10</run_address>
         <size>0x2c</size>
         <input_file_ref idref="fl-2"/>
      </object_component>
      <object_component id="oc-1f9">
         <name>.debug_info</name>
         <load_address>0x6c3c</load_address>
         <run_address>0x6c3c</run_address>
         <size>0x102</size>
         <input_file_ref idref="fl-2"/>
      </object_component>
      <object_component id="oc-1fe">
         <name>.debug_info</name>
         <load_address>0x6d3e</load_address>
         <run_address>0x6d3e</run_address>
         <size>0x35</size>
         <input_file_ref idref="fl-2"/>
      </object_component>
      <object_component id="oc-75">
         <name>.debug_info</name>
         <load_address>0x6d73</load_address>
         <run_address>0x6d73</run_address>
         <size>0x2c6</size>
         <input_file_ref idref="fl-3"/>
      </object_component>
      <object_component id="oc-27">
         <name>.debug_info</name>
         <load_address>0x7039</load_address>
         <run_address>0x7039</run_address>
         <size>0xf2</size>
         <input_file_ref idref="fl-3"/>
      </object_component>
      <object_component id="oc-6a">
         <name>.debug_info</name>
         <load_address>0x712b</load_address>
         <run_address>0x712b</run_address>
         <size>0x1b9</size>
         <input_file_ref idref="fl-3"/>
      </object_component>
      <object_component id="oc-32">
         <name>.debug_info</name>
         <load_address>0x72e4</load_address>
         <run_address>0x72e4</run_address>
         <size>0x84</size>
         <input_file_ref idref="fl-3"/>
      </object_component>
      <object_component id="oc-1a4">
         <name>.debug_info</name>
         <load_address>0x7368</load_address>
         <run_address>0x7368</run_address>
         <size>0xeb</size>
         <input_file_ref idref="fl-4"/>
      </object_component>
      <object_component id="oc-a6">
         <name>.debug_info</name>
         <load_address>0x7453</load_address>
         <run_address>0x7453</run_address>
         <size>0x25d</size>
         <input_file_ref idref="fl-4"/>
      </object_component>
      <object_component id="oc-8c">
         <name>.debug_info</name>
         <load_address>0x76b0</load_address>
         <run_address>0x76b0</run_address>
         <size>0x2d4</size>
         <input_file_ref idref="fl-bf"/>
      </object_component>
      <object_component id="oc-44">
         <name>.debug_info</name>
         <load_address>0x7984</load_address>
         <run_address>0x7984</run_address>
         <size>0x1d2</size>
         <input_file_ref idref="fl-bf"/>
      </object_component>
      <object_component id="oc-87">
         <name>.debug_info</name>
         <load_address>0x7b56</load_address>
         <run_address>0x7b56</run_address>
         <size>0x46</size>
         <input_file_ref idref="fl-bf"/>
      </object_component>
      <object_component id="oc-42">
         <name>.debug_info</name>
         <load_address>0x7b9c</load_address>
         <run_address>0x7b9c</run_address>
         <size>0x2a8</size>
         <input_file_ref idref="fl-c0"/>
      </object_component>
      <object_component id="oc-21">
         <name>.debug_info</name>
         <load_address>0x7e44</load_address>
         <run_address>0x7e44</run_address>
         <size>0x1ea</size>
         <input_file_ref idref="fl-c0"/>
      </object_component>
      <object_component id="oc-3d">
         <name>.debug_info</name>
         <load_address>0x802e</load_address>
         <run_address>0x802e</run_address>
         <size>0x46</size>
         <input_file_ref idref="fl-c0"/>
      </object_component>
      <object_component id="oc-7f">
         <name>.debug_info</name>
         <load_address>0x8074</load_address>
         <run_address>0x8074</run_address>
         <size>0x2c</size>
         <input_file_ref idref="fl-c0"/>
      </object_component>
      <object_component id="oc-7d">
         <name>.debug_info</name>
         <load_address>0x80a0</load_address>
         <run_address>0x80a0</run_address>
         <size>0x29e</size>
         <input_file_ref idref="fl-c1"/>
      </object_component>
      <object_component id="oc-1b">
         <name>.debug_info</name>
         <load_address>0x833e</load_address>
         <run_address>0x833e</run_address>
         <size>0x250</size>
         <input_file_ref idref="fl-c1"/>
      </object_component>
      <object_component id="oc-2d">
         <name>.debug_info</name>
         <load_address>0x858e</load_address>
         <run_address>0x858e</run_address>
         <size>0x60</size>
         <input_file_ref idref="fl-c1"/>
      </object_component>
      <object_component id="oc-155">
         <name>.debug_info</name>
         <load_address>0x85ee</load_address>
         <run_address>0x85ee</run_address>
         <size>0x46</size>
         <input_file_ref idref="fl-c1"/>
      </object_component>
      <object_component id="oc-78">
         <name>.debug_info</name>
         <load_address>0x8634</load_address>
         <run_address>0x8634</run_address>
         <size>0x39</size>
         <input_file_ref idref="fl-c1"/>
      </object_component>
      <object_component id="oc-2a">
         <name>.debug_info</name>
         <load_address>0x866d</load_address>
         <run_address>0x866d</run_address>
         <size>0x10b</size>
         <input_file_ref idref="fl-c2"/>
      </object_component>
      <object_component id="oc-58">
         <name>.debug_info</name>
         <load_address>0x8778</load_address>
         <run_address>0x8778</run_address>
         <size>0x1a9</size>
         <input_file_ref idref="fl-c2"/>
      </object_component>
      <object_component id="oc-3a">
         <name>.debug_info</name>
         <load_address>0x8921</load_address>
         <run_address>0x8921</run_address>
         <size>0x119</size>
         <input_file_ref idref="fl-c3"/>
      </object_component>
      <object_component id="oc-222">
         <name>.debug_info</name>
         <load_address>0x8a3a</load_address>
         <run_address>0x8a3a</run_address>
         <size>0x4b3</size>
         <input_file_ref idref="fl-c5"/>
      </object_component>
      <object_component id="oc-174">
         <name>.debug_info</name>
         <load_address>0x8eed</load_address>
         <run_address>0x8eed</run_address>
         <size>0x1a6</size>
         <input_file_ref idref="fl-c5"/>
      </object_component>
      <object_component id="oc-288">
         <name>.debug_info</name>
         <load_address>0x9093</load_address>
         <run_address>0x9093</run_address>
         <size>0x39</size>
         <input_file_ref idref="fl-c5"/>
      </object_component>
      <object_component id="oc-2a4">
         <name>.debug_info</name>
         <load_address>0x90cc</load_address>
         <run_address>0x90cc</run_address>
         <size>0x39</size>
         <input_file_ref idref="fl-c5"/>
      </object_component>
      <object_component id="oc-28d">
         <name>.debug_info</name>
         <load_address>0x9105</load_address>
         <run_address>0x9105</run_address>
         <size>0x39</size>
         <input_file_ref idref="fl-c5"/>
      </object_component>
      <object_component id="oc-292">
         <name>.debug_info</name>
         <load_address>0x913e</load_address>
         <run_address>0x913e</run_address>
         <size>0xcd</size>
         <input_file_ref idref="fl-c5"/>
      </object_component>
      <object_component id="oc-94">
         <name>.debug_info</name>
         <load_address>0x920b</load_address>
         <run_address>0x920b</run_address>
         <size>0x153</size>
         <input_file_ref idref="fl-c6"/>
      </object_component>
      <object_component id="oc-166">
         <name>.debug_info</name>
         <load_address>0x935e</load_address>
         <run_address>0x935e</run_address>
         <size>0x122</size>
         <input_file_ref idref="fl-c8"/>
      </object_component>
      <object_component id="oc-299">
         <name>.debug_info</name>
         <load_address>0x9480</load_address>
         <run_address>0x9480</run_address>
         <size>0x807</size>
         <input_file_ref idref="fl-cb"/>
      </object_component>
      <object_component id="oc-b3">
         <name>.debug_info</name>
         <load_address>0x9c87</load_address>
         <run_address>0x9c87</run_address>
         <size>0x1e5</size>
         <input_file_ref idref="fl-cb"/>
      </object_component>
      <object_component id="oc-259">
         <name>.debug_info</name>
         <load_address>0x9e6c</load_address>
         <run_address>0x9e6c</run_address>
         <size>0x431a</size>
         <input_file_ref idref="fl-cb"/>
      </object_component>
      <object_component id="oc-2b2">
         <name>.debug_info</name>
         <load_address>0xe186</load_address>
         <run_address>0xe186</run_address>
         <size>0x1b5</size>
         <input_file_ref idref="fl-cb"/>
      </object_component>
      <object_component id="oc-263">
         <name>.debug_info</name>
         <load_address>0xe33b</load_address>
         <run_address>0xe33b</run_address>
         <size>0x26b</size>
         <input_file_ref idref="fl-cb"/>
      </object_component>
      <object_component id="oc-25e">
         <name>.debug_info</name>
         <load_address>0xe5a6</load_address>
         <run_address>0xe5a6</run_address>
         <size>0x1028</size>
         <input_file_ref idref="fl-cb"/>
      </object_component>
      <object_component id="oc-239">
         <name>.debug_info</name>
         <load_address>0xf5ce</load_address>
         <run_address>0xf5ce</run_address>
         <size>0x297</size>
         <input_file_ref idref="fl-cb"/>
      </object_component>
      <object_component id="oc-1c9">
         <name>.debug_info</name>
         <load_address>0xf865</load_address>
         <run_address>0xf865</run_address>
         <size>0xef</size>
         <input_file_ref idref="fl-cb"/>
      </object_component>
      <object_component id="oc-1a8">
         <name>.debug_info</name>
         <load_address>0xf954</load_address>
         <run_address>0xf954</run_address>
         <size>0xbb</size>
         <input_file_ref idref="fl-cb"/>
      </object_component>
      <object_component id="oc-256">
         <name>.debug_info</name>
         <load_address>0xfa0f</load_address>
         <run_address>0xfa0f</run_address>
         <size>0x701</size>
         <input_file_ref idref="fl-cc"/>
      </object_component>
      <object_component id="oc-1cf">
         <name>.debug_info</name>
         <load_address>0x10110</load_address>
         <run_address>0x10110</run_address>
         <size>0x135</size>
         <input_file_ref idref="fl-cc"/>
      </object_component>
      <object_component id="oc-e9">
         <name>.debug_info</name>
         <load_address>0x10245</load_address>
         <run_address>0x10245</run_address>
         <size>0x252</size>
         <input_file_ref idref="fl-cc"/>
      </object_component>
      <object_component id="oc-10d">
         <name>.debug_info</name>
         <load_address>0x10497</load_address>
         <run_address>0x10497</run_address>
         <size>0x2a5</size>
         <input_file_ref idref="fl-cc"/>
      </object_component>
      <object_component id="oc-e3">
         <name>.debug_info</name>
         <load_address>0x1073c</load_address>
         <run_address>0x1073c</run_address>
         <size>0x2a3</size>
         <input_file_ref idref="fl-cc"/>
      </object_component>
      <object_component id="oc-cb">
         <name>.debug_info</name>
         <load_address>0x109df</load_address>
         <run_address>0x109df</run_address>
         <size>0x25a</size>
         <input_file_ref idref="fl-cc"/>
      </object_component>
      <object_component id="oc-ef">
         <name>.debug_info</name>
         <load_address>0x10c39</load_address>
         <run_address>0x10c39</run_address>
         <size>0x258</size>
         <input_file_ref idref="fl-cc"/>
      </object_component>
      <object_component id="oc-26f">
         <name>.debug_info</name>
         <load_address>0x10e91</load_address>
         <run_address>0x10e91</run_address>
         <size>0x68f</size>
         <input_file_ref idref="fl-cd"/>
      </object_component>
      <object_component id="oc-1dd">
         <name>.debug_info</name>
         <load_address>0x11520</load_address>
         <run_address>0x11520</run_address>
         <size>0x12e</size>
         <input_file_ref idref="fl-cd"/>
      </object_component>
      <object_component id="oc-1bc">
         <name>.debug_info</name>
         <load_address>0x1164e</load_address>
         <run_address>0x1164e</run_address>
         <size>0x1d5</size>
         <input_file_ref idref="fl-cd"/>
      </object_component>
      <object_component id="oc-1b0">
         <name>.debug_info</name>
         <load_address>0x11823</load_address>
         <run_address>0x11823</run_address>
         <size>0x1d7</size>
         <input_file_ref idref="fl-cd"/>
      </object_component>
      <object_component id="oc-107">
         <name>.debug_info</name>
         <load_address>0x119fa</load_address>
         <run_address>0x119fa</run_address>
         <size>0x219</size>
         <input_file_ref idref="fl-cd"/>
      </object_component>
      <object_component id="oc-b9">
         <name>.debug_info</name>
         <load_address>0x11c13</load_address>
         <run_address>0x11c13</run_address>
         <size>0x1d4</size>
         <input_file_ref idref="fl-cd"/>
      </object_component>
      <object_component id="oc-d7">
         <name>.debug_info</name>
         <load_address>0x11de7</load_address>
         <run_address>0x11de7</run_address>
         <size>0x1d6</size>
         <input_file_ref idref="fl-cd"/>
      </object_component>
      <object_component id="oc-1b6">
         <name>.debug_info</name>
         <load_address>0x11fbd</load_address>
         <run_address>0x11fbd</run_address>
         <size>0x1b0</size>
         <input_file_ref idref="fl-ce"/>
      </object_component>
      <object_component id="oc-bf">
         <name>.debug_info</name>
         <load_address>0x1216d</load_address>
         <run_address>0x1216d</run_address>
         <size>0x254</size>
         <input_file_ref idref="fl-ce"/>
      </object_component>
      <object_component id="oc-1e8">
         <name>.debug_info</name>
         <load_address>0x123c1</load_address>
         <run_address>0x123c1</run_address>
         <size>0x725</size>
         <input_file_ref idref="fl-d1"/>
      </object_component>
      <object_component id="oc-1e2">
         <name>.debug_info</name>
         <load_address>0x12ae6</load_address>
         <run_address>0x12ae6</run_address>
         <size>0x25e</size>
         <input_file_ref idref="fl-d1"/>
      </object_component>
      <object_component id="oc-11f">
         <name>.debug_info</name>
         <load_address>0x12d44</load_address>
         <run_address>0x12d44</run_address>
         <size>0x215</size>
         <input_file_ref idref="fl-d1"/>
      </object_component>
      <object_component id="oc-113">
         <name>.debug_info</name>
         <load_address>0x12f59</load_address>
         <run_address>0x12f59</run_address>
         <size>0x23d</size>
         <input_file_ref idref="fl-d1"/>
      </object_component>
      <object_component id="oc-119">
         <name>.debug_info</name>
         <load_address>0x13196</load_address>
         <run_address>0x13196</run_address>
         <size>0x21a</size>
         <input_file_ref idref="fl-d1"/>
      </object_component>
      <object_component id="oc-de">
         <name>.debug_info</name>
         <load_address>0x133b0</load_address>
         <run_address>0x133b0</run_address>
         <size>0x289</size>
         <input_file_ref idref="fl-d1"/>
      </object_component>
      <object_component id="oc-273">
         <name>.debug_info</name>
         <load_address>0x13639</load_address>
         <run_address>0x13639</run_address>
         <size>0x341</size>
         <input_file_ref idref="fl-d1"/>
      </object_component>
      <object_component id="oc-1d9">
         <name>.debug_info</name>
         <load_address>0x1397a</load_address>
         <run_address>0x1397a</run_address>
         <size>0x6eb</size>
         <input_file_ref idref="fl-d2"/>
      </object_component>
      <object_component id="oc-f6">
         <name>.debug_info</name>
         <load_address>0x14065</load_address>
         <run_address>0x14065</run_address>
         <size>0x234</size>
         <input_file_ref idref="fl-d2"/>
      </object_component>
      <object_component id="oc-d2">
         <name>.debug_info</name>
         <load_address>0x14299</load_address>
         <run_address>0x14299</run_address>
         <size>0x1f5</size>
         <input_file_ref idref="fl-d2"/>
      </object_component>
      <object_component id="oc-fc">
         <name>.debug_info</name>
         <load_address>0x1448e</load_address>
         <run_address>0x1448e</run_address>
         <size>0x1f3</size>
         <input_file_ref idref="fl-d2"/>
      </object_component>
      <object_component id="oc-102">
         <name>.debug_info</name>
         <load_address>0x14681</load_address>
         <run_address>0x14681</run_address>
         <size>0x235</size>
         <input_file_ref idref="fl-d2"/>
      </object_component>
      <object_component id="oc-1c4">
         <name>.debug_info</name>
         <load_address>0x148b6</load_address>
         <run_address>0x148b6</run_address>
         <size>0x229</size>
         <input_file_ref idref="fl-d2"/>
      </object_component>
      <object_component id="oc-c6">
         <name>.debug_info</name>
         <load_address>0x14adf</load_address>
         <run_address>0x14adf</run_address>
         <size>0x26c</size>
         <input_file_ref idref="fl-d2"/>
      </object_component>
      <object_component id="oc-268">
         <name>.debug_info</name>
         <load_address>0x14d4b</load_address>
         <run_address>0x14d4b</run_address>
         <size>0x102</size>
         <input_file_ref idref="fl-d2"/>
      </object_component>
      <object_component id="oc-ad">
         <name>.debug_info</name>
         <load_address>0x14e4d</load_address>
         <run_address>0x14e4d</run_address>
         <size>0x1c9</size>
         <input_file_ref idref="fl-d3"/>
      </object_component>
      <object_component id="oc-240">
         <name>.debug_info</name>
         <load_address>0x15016</load_address>
         <run_address>0x15016</run_address>
         <size>0x199</size>
         <input_file_ref idref="fl-d4"/>
      </object_component>
      <object_component id="oc-24e">
         <name>.debug_info</name>
         <load_address>0x151af</load_address>
         <run_address>0x151af</run_address>
         <size>0x19a</size>
         <input_file_ref idref="fl-d4"/>
      </object_component>
      <object_component id="oc-247">
         <name>.debug_info</name>
         <load_address>0x15349</load_address>
         <run_address>0x15349</run_address>
         <size>0x194</size>
         <input_file_ref idref="fl-d4"/>
      </object_component>
      <object_component id="oc-2ec">
         <name>.debug_info</name>
         <load_address>0x154dd</load_address>
         <run_address>0x154dd</run_address>
         <size>0x9e</size>
      </object_component>
      <object_component id="oc-1ee">
         <name>.debug_line</name>
         <load_address>0x0</load_address>
         <run_address>0x0</run_address>
         <size>0x35f</size>
         <input_file_ref idref="fl-2"/>
      </object_component>
      <object_component id="oc-209">
         <name>.debug_line</name>
         <load_address>0x35f</load_address>
         <run_address>0x35f</run_address>
         <size>0x2d</size>
         <input_file_ref idref="fl-2"/>
      </object_component>
      <object_component id="oc-1ec">
         <name>.debug_line</name>
         <load_address>0x38c</load_address>
         <run_address>0x38c</run_address>
         <size>0x2d</size>
         <input_file_ref idref="fl-2"/>
      </object_component>
      <object_component id="oc-20b">
         <name>.debug_line</name>
         <load_address>0x3b9</load_address>
         <run_address>0x3b9</run_address>
         <size>0x2d</size>
         <input_file_ref idref="fl-2"/>
      </object_component>
      <object_component id="oc-20d">
         <name>.debug_line</name>
         <load_address>0x3e6</load_address>
         <run_address>0x3e6</run_address>
         <size>0x2d</size>
         <input_file_ref idref="fl-2"/>
      </object_component>
      <object_component id="oc-20f">
         <name>.debug_line</name>
         <load_address>0x413</load_address>
         <run_address>0x413</run_address>
         <size>0x2d</size>
         <input_file_ref idref="fl-2"/>
      </object_component>
      <object_component id="oc-211">
         <name>.debug_line</name>
         <load_address>0x440</load_address>
         <run_address>0x440</run_address>
         <size>0x2d</size>
         <input_file_ref idref="fl-2"/>
      </object_component>
      <object_component id="oc-71">
         <name>.debug_line</name>
         <load_address>0x46d</load_address>
         <run_address>0x46d</run_address>
         <size>0x1e6</size>
         <input_file_ref idref="fl-2"/>
      </object_component>
      <object_component id="oc-147">
         <name>.debug_line</name>
         <load_address>0x653</load_address>
         <run_address>0x653</run_address>
         <size>0x2d</size>
         <input_file_ref idref="fl-2"/>
      </object_component>
      <object_component id="oc-153">
         <name>.debug_line</name>
         <load_address>0x680</load_address>
         <run_address>0x680</run_address>
         <size>0x6f</size>
         <input_file_ref idref="fl-2"/>
      </object_component>
      <object_component id="oc-1f7">
         <name>.debug_line</name>
         <load_address>0x6ef</load_address>
         <run_address>0x6ef</run_address>
         <size>0x5b</size>
         <input_file_ref idref="fl-2"/>
      </object_component>
      <object_component id="oc-1f2">
         <name>.debug_line</name>
         <load_address>0x74a</load_address>
         <run_address>0x74a</run_address>
         <size>0x95</size>
         <input_file_ref idref="fl-2"/>
      </object_component>
      <object_component id="oc-14c">
         <name>.debug_line</name>
         <load_address>0x7df</load_address>
         <run_address>0x7df</run_address>
         <size>0x97</size>
         <input_file_ref idref="fl-2"/>
      </object_component>
      <object_component id="oc-13d">
         <name>.debug_line</name>
         <load_address>0x876</load_address>
         <run_address>0x876</run_address>
         <size>0x20</size>
         <input_file_ref idref="fl-2"/>
      </object_component>
      <object_component id="oc-215">
         <name>.debug_line</name>
         <load_address>0x896</load_address>
         <run_address>0x896</run_address>
         <size>0x73</size>
         <input_file_ref idref="fl-2"/>
      </object_component>
      <object_component id="oc-206">
         <name>.debug_line</name>
         <load_address>0x909</load_address>
         <run_address>0x909</run_address>
         <size>0x6f</size>
         <input_file_ref idref="fl-2"/>
      </object_component>
      <object_component id="oc-142">
         <name>.debug_line</name>
         <load_address>0x978</load_address>
         <run_address>0x978</run_address>
         <size>0x70</size>
         <input_file_ref idref="fl-2"/>
      </object_component>
      <object_component id="oc-15f">
         <name>.debug_line</name>
         <load_address>0x9e8</load_address>
         <run_address>0x9e8</run_address>
         <size>0x6b</size>
         <input_file_ref idref="fl-2"/>
      </object_component>
      <object_component id="oc-1fc">
         <name>.debug_line</name>
         <load_address>0xa53</load_address>
         <run_address>0xa53</run_address>
         <size>0x94</size>
         <input_file_ref idref="fl-2"/>
      </object_component>
      <object_component id="oc-201">
         <name>.debug_line</name>
         <load_address>0xae7</load_address>
         <run_address>0xae7</run_address>
         <size>0x74</size>
         <input_file_ref idref="fl-2"/>
      </object_component>
      <object_component id="oc-14f">
         <name>.debug_line</name>
         <load_address>0xb5b</load_address>
         <run_address>0xb5b</run_address>
         <size>0x40</size>
         <input_file_ref idref="fl-3"/>
      </object_component>
      <object_component id="oc-74">
         <name>.debug_line</name>
         <load_address>0xb9b</load_address>
         <run_address>0xb9b</run_address>
         <size>0x40</size>
         <input_file_ref idref="fl-3"/>
      </object_component>
      <object_component id="oc-69">
         <name>.debug_line</name>
         <load_address>0xbdb</load_address>
         <run_address>0xbdb</run_address>
         <size>0x71</size>
         <input_file_ref idref="fl-3"/>
      </object_component>
      <object_component id="oc-35">
         <name>.debug_line</name>
         <load_address>0xc4c</load_address>
         <run_address>0xc4c</run_address>
         <size>0x20</size>
         <input_file_ref idref="fl-3"/>
      </object_component>
      <object_component id="oc-238">
         <name>.debug_line</name>
         <load_address>0xc6c</load_address>
         <run_address>0xc6c</run_address>
         <size>0x3b</size>
         <input_file_ref idref="fl-4"/>
      </object_component>
      <object_component id="oc-aa">
         <name>.debug_line</name>
         <load_address>0xca7</load_address>
         <run_address>0xca7</run_address>
         <size>0x134</size>
         <input_file_ref idref="fl-4"/>
      </object_component>
      <object_component id="oc-162">
         <name>.debug_line</name>
         <load_address>0xddb</load_address>
         <run_address>0xddb</run_address>
         <size>0x92</size>
         <input_file_ref idref="fl-bf"/>
      </object_component>
      <object_component id="oc-48">
         <name>.debug_line</name>
         <load_address>0xe6d</load_address>
         <run_address>0xe6d</run_address>
         <size>0x4c</size>
         <input_file_ref idref="fl-bf"/>
      </object_component>
      <object_component id="oc-8a">
         <name>.debug_line</name>
         <load_address>0xeb9</load_address>
         <run_address>0xeb9</run_address>
         <size>0x34</size>
         <input_file_ref idref="fl-bf"/>
      </object_component>
      <object_component id="oc-85">
         <name>.debug_line</name>
         <load_address>0xeed</load_address>
         <run_address>0xeed</run_address>
         <size>0x20</size>
         <input_file_ref idref="fl-c0"/>
      </object_component>
      <object_component id="oc-20">
         <name>.debug_line</name>
         <load_address>0xf0d</load_address>
         <run_address>0xf0d</run_address>
         <size>0x55</size>
         <input_file_ref idref="fl-c0"/>
      </object_component>
      <object_component id="oc-40">
         <name>.debug_line</name>
         <load_address>0xf62</load_address>
         <run_address>0xf62</run_address>
         <size>0x3a</size>
         <input_file_ref idref="fl-c0"/>
      </object_component>
      <object_component id="oc-82">
         <name>.debug_line</name>
         <load_address>0xf9c</load_address>
         <run_address>0xf9c</run_address>
         <size>0x92</size>
         <input_file_ref idref="fl-c0"/>
      </object_component>
      <object_component id="oc-15b">
         <name>.debug_line</name>
         <load_address>0x102e</load_address>
         <run_address>0x102e</run_address>
         <size>0x20</size>
         <input_file_ref idref="fl-c1"/>
      </object_component>
      <object_component id="oc-18">
         <name>.debug_line</name>
         <load_address>0x104e</load_address>
         <run_address>0x104e</run_address>
         <size>0xa9</size>
         <input_file_ref idref="fl-c1"/>
      </object_component>
      <object_component id="oc-30">
         <name>.debug_line</name>
         <load_address>0x10f7</load_address>
         <run_address>0x10f7</run_address>
         <size>0x3a</size>
         <input_file_ref idref="fl-c1"/>
      </object_component>
      <object_component id="oc-158">
         <name>.debug_line</name>
         <load_address>0x1131</load_address>
         <run_address>0x1131</run_address>
         <size>0x9a</size>
         <input_file_ref idref="fl-c1"/>
      </object_component>
      <object_component id="oc-7b">
         <name>.debug_line</name>
         <load_address>0x11cb</load_address>
         <run_address>0x11cb</run_address>
         <size>0x96</size>
         <input_file_ref idref="fl-c1"/>
      </object_component>
      <object_component id="oc-77">
         <name>.debug_line</name>
         <load_address>0x1261</load_address>
         <run_address>0x1261</run_address>
         <size>0x33</size>
         <input_file_ref idref="fl-c2"/>
      </object_component>
      <object_component id="oc-57">
         <name>.debug_line</name>
         <load_address>0x1294</load_address>
         <run_address>0x1294</run_address>
         <size>0x45</size>
         <input_file_ref idref="fl-c2"/>
      </object_component>
      <object_component id="oc-38">
         <name>.debug_line</name>
         <load_address>0x12d9</load_address>
         <run_address>0x12d9</run_address>
         <size>0x88</size>
         <input_file_ref idref="fl-c3"/>
      </object_component>
      <object_component id="oc-287">
         <name>.debug_line</name>
         <load_address>0x1361</load_address>
         <run_address>0x1361</run_address>
         <size>0xbf</size>
         <input_file_ref idref="fl-c5"/>
      </object_component>
      <object_component id="oc-172">
         <name>.debug_line</name>
         <load_address>0x1420</load_address>
         <run_address>0x1420</run_address>
         <size>0x6f</size>
         <input_file_ref idref="fl-c5"/>
      </object_component>
      <object_component id="oc-28b">
         <name>.debug_line</name>
         <load_address>0x148f</load_address>
         <run_address>0x148f</run_address>
         <size>0x2e</size>
         <input_file_ref idref="fl-c5"/>
      </object_component>
      <object_component id="oc-2a7">
         <name>.debug_line</name>
         <load_address>0x14bd</load_address>
         <run_address>0x14bd</run_address>
         <size>0x9a</size>
         <input_file_ref idref="fl-c5"/>
      </object_component>
      <object_component id="oc-290">
         <name>.debug_line</name>
         <load_address>0x1557</load_address>
         <run_address>0x1557</run_address>
         <size>0x97</size>
         <input_file_ref idref="fl-c5"/>
      </object_component>
      <object_component id="oc-295">
         <name>.debug_line</name>
         <load_address>0x15ee</load_address>
         <run_address>0x15ee</run_address>
         <size>0x93</size>
         <input_file_ref idref="fl-c5"/>
      </object_component>
      <object_component id="oc-98">
         <name>.debug_line</name>
         <load_address>0x1681</load_address>
         <run_address>0x1681</run_address>
         <size>0x40</size>
         <input_file_ref idref="fl-c6"/>
      </object_component>
      <object_component id="oc-169">
         <name>.debug_line</name>
         <load_address>0x16c1</load_address>
         <run_address>0x16c1</run_address>
         <size>0x3c</size>
         <input_file_ref idref="fl-c8"/>
      </object_component>
      <object_component id="oc-2b1">
         <name>.debug_line</name>
         <load_address>0x16fd</load_address>
         <run_address>0x16fd</run_address>
         <size>0x8b</size>
         <input_file_ref idref="fl-cb"/>
      </object_component>
      <object_component id="oc-b6">
         <name>.debug_line</name>
         <load_address>0x1788</load_address>
         <run_address>0x1788</run_address>
         <size>0x69</size>
         <input_file_ref idref="fl-cb"/>
      </object_component>
      <object_component id="oc-25c">
         <name>.debug_line</name>
         <load_address>0x17f1</load_address>
         <run_address>0x17f1</run_address>
         <size>0x51</size>
         <input_file_ref idref="fl-cb"/>
      </object_component>
      <object_component id="oc-2b5">
         <name>.debug_line</name>
         <load_address>0x1842</load_address>
         <run_address>0x1842</run_address>
         <size>0x55</size>
         <input_file_ref idref="fl-cb"/>
      </object_component>
      <object_component id="oc-266">
         <name>.debug_line</name>
         <load_address>0x1897</load_address>
         <run_address>0x1897</run_address>
         <size>0x51</size>
         <input_file_ref idref="fl-cb"/>
      </object_component>
      <object_component id="oc-261">
         <name>.debug_line</name>
         <load_address>0x18e8</load_address>
         <run_address>0x18e8</run_address>
         <size>0x4f</size>
         <input_file_ref idref="fl-cb"/>
      </object_component>
      <object_component id="oc-23c">
         <name>.debug_line</name>
         <load_address>0x1937</load_address>
         <run_address>0x1937</run_address>
         <size>0x55</size>
         <input_file_ref idref="fl-cb"/>
      </object_component>
      <object_component id="oc-1cc">
         <name>.debug_line</name>
         <load_address>0x198c</load_address>
         <run_address>0x198c</run_address>
         <size>0x51</size>
         <input_file_ref idref="fl-cb"/>
      </object_component>
      <object_component id="oc-1ab">
         <name>.debug_line</name>
         <load_address>0x19dd</load_address>
         <run_address>0x19dd</run_address>
         <size>0x52</size>
         <input_file_ref idref="fl-cb"/>
      </object_component>
      <object_component id="oc-29e">
         <name>.debug_line</name>
         <load_address>0x1a2f</load_address>
         <run_address>0x1a2f</run_address>
         <size>0x56</size>
         <input_file_ref idref="fl-cc"/>
      </object_component>
      <object_component id="oc-255">
         <name>.debug_line</name>
         <load_address>0x1a85</load_address>
         <run_address>0x1a85</run_address>
         <size>0x51</size>
         <input_file_ref idref="fl-cc"/>
      </object_component>
      <object_component id="oc-ec">
         <name>.debug_line</name>
         <load_address>0x1ad6</load_address>
         <run_address>0x1ad6</run_address>
         <size>0x6e</size>
         <input_file_ref idref="fl-cc"/>
      </object_component>
      <object_component id="oc-111">
         <name>.debug_line</name>
         <load_address>0x1b44</load_address>
         <run_address>0x1b44</run_address>
         <size>0x78</size>
         <input_file_ref idref="fl-cc"/>
      </object_component>
      <object_component id="oc-e6">
         <name>.debug_line</name>
         <load_address>0x1bbc</load_address>
         <run_address>0x1bbc</run_address>
         <size>0x78</size>
         <input_file_ref idref="fl-cc"/>
      </object_component>
      <object_component id="oc-ce">
         <name>.debug_line</name>
         <load_address>0x1c34</load_address>
         <run_address>0x1c34</run_address>
         <size>0x6c</size>
         <input_file_ref idref="fl-cc"/>
      </object_component>
      <object_component id="oc-f3">
         <name>.debug_line</name>
         <load_address>0x1ca0</load_address>
         <run_address>0x1ca0</run_address>
         <size>0x6c</size>
         <input_file_ref idref="fl-cc"/>
      </object_component>
      <object_component id="oc-2a0">
         <name>.debug_line</name>
         <load_address>0x1d0c</load_address>
         <run_address>0x1d0c</run_address>
         <size>0x50</size>
         <input_file_ref idref="fl-cd"/>
      </object_component>
      <object_component id="oc-26e">
         <name>.debug_line</name>
         <load_address>0x1d5c</load_address>
         <run_address>0x1d5c</run_address>
         <size>0x56</size>
         <input_file_ref idref="fl-cd"/>
      </object_component>
      <object_component id="oc-1bf">
         <name>.debug_line</name>
         <load_address>0x1db2</load_address>
         <run_address>0x1db2</run_address>
         <size>0x6e</size>
         <input_file_ref idref="fl-cd"/>
      </object_component>
      <object_component id="oc-1b3">
         <name>.debug_line</name>
         <load_address>0x1e20</load_address>
         <run_address>0x1e20</run_address>
         <size>0x6e</size>
         <input_file_ref idref="fl-cd"/>
      </object_component>
      <object_component id="oc-10a">
         <name>.debug_line</name>
         <load_address>0x1e8e</load_address>
         <run_address>0x1e8e</run_address>
         <size>0x95</size>
         <input_file_ref idref="fl-cd"/>
      </object_component>
      <object_component id="oc-bc">
         <name>.debug_line</name>
         <load_address>0x1f23</load_address>
         <run_address>0x1f23</run_address>
         <size>0x6e</size>
         <input_file_ref idref="fl-cd"/>
      </object_component>
      <object_component id="oc-db">
         <name>.debug_line</name>
         <load_address>0x1f91</load_address>
         <run_address>0x1f91</run_address>
         <size>0x6e</size>
         <input_file_ref idref="fl-cd"/>
      </object_component>
      <object_component id="oc-1ba">
         <name>.debug_line</name>
         <load_address>0x1fff</load_address>
         <run_address>0x1fff</run_address>
         <size>0x70</size>
         <input_file_ref idref="fl-ce"/>
      </object_component>
      <object_component id="oc-c3">
         <name>.debug_line</name>
         <load_address>0x206f</load_address>
         <run_address>0x206f</run_address>
         <size>0x6c</size>
         <input_file_ref idref="fl-ce"/>
      </object_component>
      <object_component id="oc-272">
         <name>.debug_line</name>
         <load_address>0x20db</load_address>
         <run_address>0x20db</run_address>
         <size>0x56</size>
         <input_file_ref idref="fl-d1"/>
      </object_component>
      <object_component id="oc-1e5">
         <name>.debug_line</name>
         <load_address>0x2131</load_address>
         <run_address>0x2131</run_address>
         <size>0x8a</size>
         <input_file_ref idref="fl-d1"/>
      </object_component>
      <object_component id="oc-122">
         <name>.debug_line</name>
         <load_address>0x21bb</load_address>
         <run_address>0x21bb</run_address>
         <size>0x6c</size>
         <input_file_ref idref="fl-d1"/>
      </object_component>
      <object_component id="oc-116">
         <name>.debug_line</name>
         <load_address>0x2227</load_address>
         <run_address>0x2227</run_address>
         <size>0xb7</size>
         <input_file_ref idref="fl-d1"/>
      </object_component>
      <object_component id="oc-11c">
         <name>.debug_line</name>
         <load_address>0x22de</load_address>
         <run_address>0x22de</run_address>
         <size>0x79</size>
         <input_file_ref idref="fl-d1"/>
      </object_component>
      <object_component id="oc-dd">
         <name>.debug_line</name>
         <load_address>0x2357</load_address>
         <run_address>0x2357</run_address>
         <size>0x6f</size>
         <input_file_ref idref="fl-d1"/>
      </object_component>
      <object_component id="oc-276">
         <name>.debug_line</name>
         <load_address>0x23c6</load_address>
         <run_address>0x23c6</run_address>
         <size>0x54</size>
         <input_file_ref idref="fl-d1"/>
      </object_component>
      <object_component id="oc-258">
         <name>.debug_line</name>
         <load_address>0x241a</load_address>
         <run_address>0x241a</run_address>
         <size>0x56</size>
         <input_file_ref idref="fl-d2"/>
      </object_component>
      <object_component id="oc-f8">
         <name>.debug_line</name>
         <load_address>0x2470</load_address>
         <run_address>0x2470</run_address>
         <size>0x9f</size>
         <input_file_ref idref="fl-d2"/>
      </object_component>
      <object_component id="oc-d4">
         <name>.debug_line</name>
         <load_address>0x250f</load_address>
         <run_address>0x250f</run_address>
         <size>0x72</size>
         <input_file_ref idref="fl-d2"/>
      </object_component>
      <object_component id="oc-fe">
         <name>.debug_line</name>
         <load_address>0x2581</load_address>
         <run_address>0x2581</run_address>
         <size>0x69</size>
         <input_file_ref idref="fl-d2"/>
      </object_component>
      <object_component id="oc-104">
         <name>.debug_line</name>
         <load_address>0x25ea</load_address>
         <run_address>0x25ea</run_address>
         <size>0x6c</size>
         <input_file_ref idref="fl-d2"/>
      </object_component>
      <object_component id="oc-1c7">
         <name>.debug_line</name>
         <load_address>0x2656</load_address>
         <run_address>0x2656</run_address>
         <size>0x69</size>
         <input_file_ref idref="fl-d2"/>
      </object_component>
      <object_component id="oc-c8">
         <name>.debug_line</name>
         <load_address>0x26bf</load_address>
         <run_address>0x26bf</run_address>
         <size>0x8e</size>
         <input_file_ref idref="fl-d2"/>
      </object_component>
      <object_component id="oc-26b">
         <name>.debug_line</name>
         <load_address>0x274d</load_address>
         <run_address>0x274d</run_address>
         <size>0x51</size>
         <input_file_ref idref="fl-d2"/>
      </object_component>
      <object_component id="oc-b1">
         <name>.debug_line</name>
         <load_address>0x279e</load_address>
         <run_address>0x279e</run_address>
         <size>0x6a</size>
         <input_file_ref idref="fl-d3"/>
      </object_component>
      <object_component id="oc-242">
         <name>.debug_line</name>
         <load_address>0x2808</load_address>
         <run_address>0x2808</run_address>
         <size>0x69</size>
         <input_file_ref idref="fl-d4"/>
      </object_component>
      <object_component id="oc-250">
         <name>.debug_line</name>
         <load_address>0x2871</load_address>
         <run_address>0x2871</run_address>
         <size>0x69</size>
         <input_file_ref idref="fl-d4"/>
      </object_component>
      <object_component id="oc-249">
         <name>.debug_line</name>
         <load_address>0x28da</load_address>
         <run_address>0x28da</run_address>
         <size>0x68</size>
         <input_file_ref idref="fl-d4"/>
      </object_component>
      <object_component id="oc-72">
         <name>.debug_frame</name>
         <load_address>0x0</load_address>
         <run_address>0x0</run_address>
         <size>0x154</size>
         <input_file_ref idref="fl-2"/>
      </object_component>
      <object_component id="oc-6c">
         <name>.debug_frame</name>
         <load_address>0x154</load_address>
         <run_address>0x154</run_address>
         <size>0x6c</size>
         <input_file_ref idref="fl-3"/>
      </object_component>
      <object_component id="oc-a9">
         <name>.debug_frame</name>
         <load_address>0x1c0</load_address>
         <run_address>0x1c0</run_address>
         <size>0x70</size>
         <input_file_ref idref="fl-4"/>
      </object_component>
      <object_component id="oc-47">
         <name>.debug_frame</name>
         <load_address>0x230</load_address>
         <run_address>0x230</run_address>
         <size>0x54</size>
         <input_file_ref idref="fl-bf"/>
      </object_component>
      <object_component id="oc-1e">
         <name>.debug_frame</name>
         <load_address>0x284</load_address>
         <run_address>0x284</run_address>
         <size>0x54</size>
         <input_file_ref idref="fl-c0"/>
      </object_component>
      <object_component id="oc-19">
         <name>.debug_frame</name>
         <load_address>0x2d8</load_address>
         <run_address>0x2d8</run_address>
         <size>0x60</size>
         <input_file_ref idref="fl-c1"/>
      </object_component>
      <object_component id="oc-56">
         <name>.debug_frame</name>
         <load_address>0x338</load_address>
         <run_address>0x338</run_address>
         <size>0x50</size>
         <input_file_ref idref="fl-c2"/>
      </object_component>
      <object_component id="oc-173">
         <name>.debug_frame</name>
         <load_address>0x388</load_address>
         <run_address>0x388</run_address>
         <size>0x5c</size>
         <input_file_ref idref="fl-c5"/>
      </object_component>
      <object_component id="oc-97">
         <name>.debug_frame</name>
         <load_address>0x3e4</load_address>
         <run_address>0x3e4</run_address>
         <size>0x54</size>
         <input_file_ref idref="fl-c6"/>
      </object_component>
      <object_component id="oc-16a">
         <name>.debug_frame</name>
         <load_address>0x438</load_address>
         <run_address>0x438</run_address>
         <size>0x54</size>
         <input_file_ref idref="fl-c8"/>
      </object_component>
      <object_component id="oc-b7">
         <name>.debug_frame</name>
         <load_address>0x48c</load_address>
         <run_address>0x48c</run_address>
         <size>0x58</size>
         <input_file_ref idref="fl-cb"/>
      </object_component>
      <object_component id="oc-ed">
         <name>.debug_frame</name>
         <load_address>0x4e4</load_address>
         <run_address>0x4e4</run_address>
         <size>0x58</size>
         <input_file_ref idref="fl-cc"/>
      </object_component>
      <object_component id="oc-110">
         <name>.debug_frame</name>
         <load_address>0x53c</load_address>
         <run_address>0x53c</run_address>
         <size>0x58</size>
         <input_file_ref idref="fl-cc"/>
      </object_component>
      <object_component id="oc-e7">
         <name>.debug_frame</name>
         <load_address>0x594</load_address>
         <run_address>0x594</run_address>
         <size>0x58</size>
         <input_file_ref idref="fl-cc"/>
      </object_component>
      <object_component id="oc-cf">
         <name>.debug_frame</name>
         <load_address>0x5ec</load_address>
         <run_address>0x5ec</run_address>
         <size>0x58</size>
         <input_file_ref idref="fl-cc"/>
      </object_component>
      <object_component id="oc-f2">
         <name>.debug_frame</name>
         <load_address>0x644</load_address>
         <run_address>0x644</run_address>
         <size>0x58</size>
         <input_file_ref idref="fl-cc"/>
      </object_component>
      <object_component id="oc-1c0">
         <name>.debug_frame</name>
         <load_address>0x69c</load_address>
         <run_address>0x69c</run_address>
         <size>0x58</size>
         <input_file_ref idref="fl-cd"/>
      </object_component>
      <object_component id="oc-1b4">
         <name>.debug_frame</name>
         <load_address>0x6f4</load_address>
         <run_address>0x6f4</run_address>
         <size>0x58</size>
         <input_file_ref idref="fl-cd"/>
      </object_component>
      <object_component id="oc-10b">
         <name>.debug_frame</name>
         <load_address>0x74c</load_address>
         <run_address>0x74c</run_address>
         <size>0x58</size>
         <input_file_ref idref="fl-cd"/>
      </object_component>
      <object_component id="oc-bd">
         <name>.debug_frame</name>
         <load_address>0x7a4</load_address>
         <run_address>0x7a4</run_address>
         <size>0x54</size>
         <input_file_ref idref="fl-cd"/>
      </object_component>
      <object_component id="oc-da">
         <name>.debug_frame</name>
         <load_address>0x7f8</load_address>
         <run_address>0x7f8</run_address>
         <size>0x54</size>
         <input_file_ref idref="fl-cd"/>
      </object_component>
      <object_component id="oc-1b9">
         <name>.debug_frame</name>
         <load_address>0x84c</load_address>
         <run_address>0x84c</run_address>
         <size>0x58</size>
         <input_file_ref idref="fl-ce"/>
      </object_component>
      <object_component id="oc-c2">
         <name>.debug_frame</name>
         <load_address>0x8a4</load_address>
         <run_address>0x8a4</run_address>
         <size>0x58</size>
         <input_file_ref idref="fl-ce"/>
      </object_component>
      <object_component id="oc-1e6">
         <name>.debug_frame</name>
         <load_address>0x8fc</load_address>
         <run_address>0x8fc</run_address>
         <size>0x58</size>
         <input_file_ref idref="fl-d1"/>
      </object_component>
      <object_component id="oc-123">
         <name>.debug_frame</name>
         <load_address>0x954</load_address>
         <run_address>0x954</run_address>
         <size>0x58</size>
         <input_file_ref idref="fl-d1"/>
      </object_component>
      <object_component id="oc-117">
         <name>.debug_frame</name>
         <load_address>0x9ac</load_address>
         <run_address>0x9ac</run_address>
         <size>0x5c</size>
         <input_file_ref idref="fl-d1"/>
      </object_component>
      <object_component id="oc-11d">
         <name>.debug_frame</name>
         <load_address>0xa08</load_address>
         <run_address>0xa08</run_address>
         <size>0x60</size>
         <input_file_ref idref="fl-d1"/>
      </object_component>
      <object_component id="oc-e1">
         <name>.debug_frame</name>
         <load_address>0xa68</load_address>
         <run_address>0xa68</run_address>
         <size>0x58</size>
         <input_file_ref idref="fl-d1"/>
      </object_component>
      <object_component id="oc-f9">
         <name>.debug_frame</name>
         <load_address>0xac0</load_address>
         <run_address>0xac0</run_address>
         <size>0x58</size>
         <input_file_ref idref="fl-d2"/>
      </object_component>
      <object_component id="oc-d5">
         <name>.debug_frame</name>
         <load_address>0xb18</load_address>
         <run_address>0xb18</run_address>
         <size>0x58</size>
         <input_file_ref idref="fl-d2"/>
      </object_component>
      <object_component id="oc-ff">
         <name>.debug_frame</name>
         <load_address>0xb70</load_address>
         <run_address>0xb70</run_address>
         <size>0x58</size>
         <input_file_ref idref="fl-d2"/>
      </object_component>
      <object_component id="oc-105">
         <name>.debug_frame</name>
         <load_address>0xbc8</load_address>
         <run_address>0xbc8</run_address>
         <size>0x58</size>
         <input_file_ref idref="fl-d2"/>
      </object_component>
      <object_component id="oc-1c6">
         <name>.debug_frame</name>
         <load_address>0xc20</load_address>
         <run_address>0xc20</run_address>
         <size>0x58</size>
         <input_file_ref idref="fl-d2"/>
      </object_component>
      <object_component id="oc-c9">
         <name>.debug_frame</name>
         <load_address>0xc78</load_address>
         <run_address>0xc78</run_address>
         <size>0x5c</size>
         <input_file_ref idref="fl-d2"/>
      </object_component>
      <object_component id="oc-b0">
         <name>.debug_frame</name>
         <load_address>0xcd4</load_address>
         <run_address>0xcd4</run_address>
         <size>0x58</size>
         <input_file_ref idref="fl-d3"/>
      </object_component>
[...]
               <logical_group_ref idref="lg-f"/>
            </allocated_space>
            <available_space>
               <start_address>0x20000030</start_address>
               <size>0xfdd0</size>
            </available_space>
            <allocated_space>
               <start_address>0x2000fe00</start_address>
               <size>0x200</size>
               <logical_group_ref idref="lg-11"/>
            </allocated_space>
         </usage_details>
      </memory_area>
   </placement_map>
   <cptbl_list>
      <cptbl>
         <name>__TI_cinit_table</name>
         <cprec>
            <name>.data</name>
            <load_address>0x1098</load_address>
            <load_size>0x2d</load_size>
            <run_address>0x20000000</run_address>
            <run_size>0x2f</run_size>
            <compression>lzss</compression>
         </cprec>
         <cprec>
            <name>.bss</name>
            <load_address>0x10d8</load_address>
            <load_size>0x8</load_size>
            <run_address>0x2000002f</run_address>
            <run_size>0x1</run_size>
            <compression>zero_init</compression>
         </cprec>
      </cptbl>
   </cptbl_list>
   <handler_table>
      <handler_table_name>__TI_handler_table</handler_table_name>
      <handler>
         <index>0x0</index>
         <name>__TI_decompress_lzss</name>
      </handler>
      <handler>
         <index>0x1</index>
         <name>__TI_decompress_none</name>
      </handler>
      <handler>
         <index>0x2</index>
         <name>__TI_zero_init</name>
      </handler>
   </handler_table>
   <symbol_table>
      <symbol id="sm-1">
         <name>WDTCTL_SYM</name>
         <value>0x4000480c</value>
      </symbol>
      <symbol id="sm-2">
         <name>__start___llvm_prf_cnts</name>
         <value>0x20000000</value>
      </symbol>
      <symbol id="sm-3">
         <name>__stop___llvm_prf_cnts</name>
         <value>0x20000000</value>
      </symbol>
      <symbol id="sm-4">
         <name>__TI_CINIT_Base</name>
         <value>0x10e0</value>
      </symbol>
      <symbol id="sm-5">
         <name>__TI_CINIT_Limit</name>
         <value>0x10f0</value>
      </symbol>
      <symbol id="sm-6">
         <name>__TI_Handler_Table_Base</name>
         <value>0x10c8</value>
      </symbol>
      <symbol id="sm-7">
         <name>__TI_Handler_Table_Limit</name>
         <value>0x10d4</value>
      </symbol>
      <symbol id="sm-8">
         <name>binit</name>
         <value>0xffffffff</value>
      </symbol>
      <symbol id="sm-9">
         <name>__binit__</name>
         <value>0xffffffff</value>
      </symbol>
      <symbol id="sm-a">
         <name>__STACK_SIZE</name>
         <value>0x200</value>
      </symbol>
      <symbol id="sm-b">
         <name>__STACK_END</name>
         <value>0x20010000</value>
      </symbol>
      <symbol id="sm-c">
         <name>__c_args__</name>
         <value>0xffffffff</value>
      </symbol>
      <symbol id="sm-d">
         <name>__TI_pprof_out_hndl</name>
         <value>0xffffffff</value>
      </symbol>
      <symbol id="sm-e">
         <name>__TI_prof_data_start</name>
         <value>0xffffffff</value>
      </symbol>
      <symbol id="sm-f">
         <name>__TI_prof_data_size</name>
         <value>0xffffffff</value>
      </symbol>
      <symbol id="sm-c7">
         <name>RXData</name>
         <value>0x2000002f</value>
      </symbol>
      <symbol id="sm-c8">
         <name>current</name>
         <value>0x2000002c</value>
         <object_component_ref idref="oc-124"/>
      </symbol>
      <symbol id="sm-c9">
         <name>uartConfig</name>
         <value>0x1030</value>
         <object_component_ref idref="oc-12d"/>
      </symbol>
      <symbol id="sm-ca">
         <name>fn_up</name>
         <value>0x51b</value>
         <object_component_ref idref="oc-6d"/>
      </symbol>
      <symbol id="sm-cb">
         <name>initPWM</name>
         <value>0x65f</value>
         <object_component_ref idref="oc-6d"/>
      </symbol>
      <symbol id="sm-cc">
         <name>fn_left</name>
         <value>0x4ff</value>
         <object_component_ref idref="oc-6d"/>
      </symbol>
      <symbol id="sm-cd">
         <name>fsm</name>
         <value>0x20000000</value>
         <object_component_ref idref="oc-12a"/>
      </symbol>
      <symbol id="sm-ce">
         <name>prev</name>
         <value>0x2000002d</value>
         <object_component_ref idref="oc-124"/>
      </symbol>
      <symbol id="sm-cf">
         <name>EUSCIA2_IRQHandler</name>
         <value>0x447</value>
         <object_component_ref idref="oc-6d"/>
      </symbol>
      <symbol id="sm-d0">
         <name>fn_down</name>
         <value>0x529</value>
         <object_component_ref idref="oc-6d"/>
      </symbol>
      <symbol id="sm-d1">
         <name>main</name>
         <value>0x419</value>
         <object_component_ref idref="oc-6d"/>
      </symbol>
      <symbol id="sm-d2">
         <name>fn_right</name>
         <value>0x50d</value>
         <object_component_ref idref="oc-6d"/>
      </symbol>
      <symbol id="sm-d3">
         <name>moveServos</name>
         <value>0x537</value>
         <object_component_ref idref="oc-6d"/>
      </symbol>
      <symbol id="sm-d4">
         <name>initUART</name>
         <value>0x611</value>
         <object_component_ref idref="oc-6d"/>
      </symbol>
      <symbol id="sm-d5">
         <name>updated</name>
         <value>0x2000002e</value>
         <object_component_ref idref="oc-124"/>
      </symbol>
      <symbol id="sm-d6">
         <name>setServoPosition</name>
         <value>0x5b1</value>
         <object_component_ref idref="oc-6d"/>
      </symbol>
      <symbol id="sm-d7">
         <name>fn_center</name>
         <value>0x4e7</value>
         <object_component_ref idref="oc-6d"/>
      </symbol>
      <symbol id="sm-f1">
         <name>Reset_Handler</name>
         <value>0xfcf</value>
         <object_component_ref idref="oc-67"/>
      </symbol>
      <symbol id="sm-f2">
         <name>Default_Handler</name>
         <value>0xfdb</value>
         <object_component_ref idref="oc-67"/>
      </symbol>
      <symbol id="sm-f3">
         <name>interruptVectors</name>
         <value>0x0</value>
         <object_component_ref idref="oc-26"/>
      </symbol>
      <symbol id="sm-13b">
         <name>SystemInit</name>
         <value>0x35d</value>
         <object_component_ref idref="oc-a5"/>
      </symbol>
      <symbol id="sm-13c">
         <name>SystemCoreClockUpdate</name>
         <value>0xe5</value>
         <object_component_ref idref="oc-a5"/>
      </symbol>
      <symbol id="sm-13d">
         <name>SystemCoreClock</name>
         <value>0x20000028</value>
         <object_component_ref idref="oc-1a3"/>
      </symbol>
      <symbol id="sm-151">
         <name>__TI_zero_init_nomemset</name>
         <value>0xf21</value>
         <object_component_ref idref="oc-43"/>
      </symbol>
      <symbol id="sm-168">
         <name>__TI_decompress_none</name>
         <value>0xfc1</value>
         <object_component_ref idref="oc-1d"/>
      </symbol>
      <symbol id="sm-18b">
         <name>__TI_decompress_lzss</name>
         <value>0xbd9</value>
         <object_component_ref idref="oc-17"/>
      </symbol>
      <symbol id="sm-19e">
         <name>__stack</name>
         <value>0x2000fe00</value>
         <object_component_ref idref="oc-29"/>
      </symbol>
      <symbol id="sm-19f">
         <name>_c_int00_noargs</name>
         <value>0xdad</value>
         <object_component_ref idref="oc-55"/>
      </symbol>
      <symbol id="sm-1ba">
         <name>memcpy</name>
         <value>0x945</value>
         <object_component_ref idref="oc-37"/>
      </symbol>
      <symbol id="sm-1bb">
         <name>__aeabi_memcpy</name>
         <value>0x945</value>
         <object_component_ref idref="oc-37"/>
      </symbol>
      <symbol id="sm-1bc">
         <name>__aeabi_memcpy8</name>
         <value>0x945</value>
         <object_component_ref idref="oc-37"/>
      </symbol>
      <symbol id="sm-1bd">
         <name>__aeabi_memcpy4</name>
         <value>0x945</value>
         <object_component_ref idref="oc-37"/>
      </symbol>
      <symbol id="sm-1e6">
         <name>__TI_auto_init_nobinit_nopinit</name>
         <value>0xcf5</value>
         <object_component_ref idref="oc-171"/>
      </symbol>
      <symbol id="sm-1f0">
         <name>_system_pre_init</name>
         <value>0xff9</value>
         <object_component_ref idref="oc-93"/>
      </symbol>
      <symbol id="sm-1fc">
         <name>C$$EXIT</name>
         <value>0xffd</value>
         <object_component_ref idref="oc-165"/>
      </symbol>
      <symbol id="sm-1fd">
         <name>abort</name>
         <value>0xffd</value>
         <object_component_ref idref="oc-165"/>
      </symbol>
      <symbol id="sm-233">
         <name>CS_setDCOCenteredFrequency</name>
         <value>0xd79</value>
         <object_component_ref idref="oc-b2"/>
      </symbol>
      <symbol id="sm-27b">
         <name>GPIO_setOutputHighOnPin</name>
         <value>0xe41</value>
         <object_component_ref idref="oc-ca"/>
      </symbol>
      <symbol id="sm-27c">
         <name>GPIO_setAsOutputPin</name>
         <value>0xd39</value>
         <object_component_ref idref="oc-e8"/>
      </symbol>
      <symbol id="sm-27d">
         <name>GPIO_setOutputLowOnPin</name>
         <value>0xe69</value>
         <object_component_ref idref="oc-ee"/>
      </symbol>
      <symbol id="sm-27e">
         <name>GPIO_setAsPeripheralModuleFunctionOutputPin</name>
         <value>0xa69</value>
         <object_component_ref idref="oc-10c"/>
      </symbol>
      <symbol id="sm-27f">
         <name>GPIO_setAsPeripheralModuleFunctionInputPin</name>
         <value>0x9e1</value>
         <object_component_ref idref="oc-e2"/>
      </symbol>
      <symbol id="sm-2c2">
         <name>Interrupt_disableMaster</name>
         <value>0xf81</value>
         <object_component_ref idref="oc-1af"/>
      </symbol>
      <symbol id="sm-2c3">
         <name>Interrupt_enableSleepOnIsrExit</name>
         <value>0xfb1</value>
         <object_component_ref idref="oc-b8"/>
      </symbol>
      <symbol id="sm-2c4">
         <name>Interrupt_enableMaster</name>
         <value>0xfa1</value>
         <object_component_ref idref="oc-1bb"/>
      </symbol>
      <symbol id="sm-2c5">
         <name>Interrupt_enableInterrupt</name>
         <value>0xaf1</value>
         <object_component_ref idref="oc-106"/>
      </symbol>
      <symbol id="sm-2c6">
         <name>Interrupt_disableSleepOnIsrExit</name>
         <value>0xf91</value>
         <object_component_ref idref="oc-d6"/>
      </symbol>
      <symbol id="sm-2dd">
         <name>PCM_gotoLPM0InterruptSafe</name>
         <value>0xf05</value>
         <object_component_ref idref="oc-be"/>
      </symbol>
      <symbol id="sm-2de">
         <name>PCM_gotoLPM0</name>
         <value>0xe91</value>
         <object_component_ref idref="oc-1b5"/>
      </symbol>
      <symbol id="sm-326">
         <name>Timer_A_setCompareValue</name>
         <value>0xeb9</value>
         <object_component_ref idref="oc-dc"/>
      </symbol>
      <symbol id="sm-327">
         <name>Timer_A_initCompare</name>
         <value>0xca5</value>
         <object_component_ref idref="oc-118"/>
      </symbol>
      <symbol id="sm-328">
         <name>Timer_A_startCounter</name>
         <value>0xf55</value>
         <object_component_ref idref="oc-11e"/>
      </symbol>
      <symbol id="sm-329">
         <name>Timer_A_configureUpMode</name>
         <value>0xb71</value>
         <object_component_ref idref="oc-112"/>
      </symbol>
      <symbol id="sm-37e">
         <name>UART_enableInterrupt</name>
         <value>0xde1</value>
         <object_component_ref idref="oc-100"/>
      </symbol>
      <symbol id="sm-37f">
         <name>UART_receiveData</name>
         <value>0xe11</value>
         <object_component_ref idref="oc-d0"/>
      </symbol>
      <symbol id="sm-380">
         <name>UART_enableModule</name>
         <value>0xf6b</value>
         <object_component_ref idref="oc-fa"/>
      </symbol>
      <symbol id="sm-381">
         <name>UART_getEnabledInterruptStatus</name>
         <value>0xc41</value>
         <object_component_ref idref="oc-c4"/>
      </symbol>
      <symbol id="sm-382">
         <name>UART_getInterruptStatus</name>
         <value>0xf3d</value>
         <object_component_ref idref="oc-1c2"/>
      </symbol>
      <symbol id="sm-383">
         <name>UART_initModule</name>
         <value>0x829</value>
         <object_component_ref idref="oc-f4"/>
      </symbol>
      <symbol id="sm-38f">
         <name>WDT_A_holdTimer</name>
         <value>0xee1</value>
         <object_component_ref idref="oc-ac"/>
      </symbol>
      <symbol id="sm-3a9">
         <name>CPU_wfi</name>
         <value>0xff5</value>
         <object_component_ref idref="oc-245"/>
      </symbol>
      <symbol id="sm-3aa">
         <name>CPU_cpsie</name>
         <value>0xfe9</value>
         <object_component_ref idref="oc-24c"/>
      </symbol>
      <symbol id="sm-3ab">
         <name>CPU_cpsid</name>
         <value>0xfdd</value>
         <object_component_ref idref="oc-23e"/>
      </symbol>
      <symbol id="sm-3ac">
         <name>__TI_static_base__</name>
         <value>0x0</value>
      </symbol>
      <symbol id="sm-3af">
         <name>__mpu_init</name>
         <value>0x0</value>
      </symbol>
      <symbol id="sm-3b0">
         <name>_system_post_cinit</name>
         <value>0x0</value>
      </symbol>
      <symbol id="sm-3b1">
         <name>NMI_Handler</name>
         <value>0xfdb</value>
      </symbol>
      <symbol id="sm-3b2">
         <name>HardFault_Handler</name>
         <value>0xfdb</value>
      </symbol>
      <symbol id="sm-3b3">
         <name>MemManage_Handler</name>
         <value>0xfdb</value>
      </symbol>
      <symbol id="sm-3b4">
         <name>BusFault_Handler</name>
         <value>0xfdb</value>
      </symbol>
      <symbol id="sm-3b5">
         <name>UsageFault_Handler</name>
         <value>0xfdb</value>
      </symbol>
      <symbol id="sm-3b6">
         <name>SVC_Handler</name>
         <value>0xfdb</value>
      </symbol>
      <symbol id="sm-3b7">
         <name>DebugMon_Handler</name>
         <value>0xfdb</value>
      </symbol>
      <symbol id="sm-3b8">
         <name>PendSV_Handler</name>
         <value>0xfdb</value>
      </symbol>
      <symbol id="sm-3b9">
         <name>SysTick_Handler</name>
         <value>0xfdb</value>
      </symbol>
      <symbol id="sm-3ba">
         <name>PSS_IRQHandler</name>
         <value>0xfdb</value>
      </symbol>
      <symbol id="sm-3bb">
         <name>CS_IRQHandler</name>
         <value>0xfdb</value>
      </symbol>
      <symbol id="sm-3bc">
         <name>PCM_IRQHandler</name>
         <value>0xfdb</value>
      </symbol>
      <symbol id="sm-3bd">
         <name>WDT_A_IRQHandler</name>
         <value>0xfdb</value>
      </symbol>
      <symbol id="sm-3be">
         <name>FPU_IRQHandler</name>
         <value>0xfdb</value>
      </symbol>
      <symbol id="sm-3bf">
         <name>FLCTL_IRQHandler</name>
         <value>0xfdb</value>
      </symbol>
      <symbol id="sm-3c0">
         <name>COMP_E0_IRQHandler</name>
         <value>0xfdb</value>
      </symbol>
      <symbol id="sm-3c1">
         <name>COMP_E1_IRQHandler</name>
         <value>0xfdb</value>
      </symbol>
      <symbol id="sm-3c2">
         <name>TA0_0_IRQHandler</name>
         <value>0xfdb</value>
      </symbol>
      <symbol id="sm-3c3">
         <name>TA0_N_IRQHandler</name>
         <value>0xfdb</value>
      </symbol>
      <symbol id="sm-3c4">
         <name>TA1_0_IRQHandler</name>
         <value>0xfdb</value>
      </symbol>
      <symbol id="sm-3c5">
         <name>TA1_N_IRQHandler</name>
         <value>0xfdb</value>
      </symbol>
      <symbol id="sm-3c6">
         <name>TA2_0_IRQHandler</name>
         <value>0xfdb</value>
      </symbol>
      <symbol id="sm-3c7">
         <name>TA2_N_IRQHandler</name>
         <value>0xfdb</value>
      </symbol>
      <symbol id="sm-3c8">
         <name>TA3_0_IRQHandler</name>
         <value>0xfdb</value>
      </symbol>
      <symbol id="sm-3c9">
         <name>TA3_N_IRQHandler</name>
         <value>0xfdb</value>
      </symbol>
      <symbol id="sm-3ca">
         <name>EUSCIA0_IRQHandler</name>
         <value>0xfdb</value>
      </symbol>
      <symbol id="sm-3cb">
         <name>EUSCIA1_IRQHandler</name>
         <value>0xfdb</value>
      </symbol>
      <symbol id="sm-3cc">
         <name>EUSCIA2_IRQHandler</name>
         <value>0x447</value>
      </symbol>
      <symbol id="sm-3cd">
         <name>EUSCIA3_IRQHandler</name>
         <value>0xfdb</value>
      </symbol>
      <symbol id="sm-3ce">
         <name>EUSCIB0_IRQHandler</name>
         <value>0xfdb</value>
      </symbol>
      <symbol id="sm-3cf">
         <name>EUSCIB1_IRQHandler</name>
         <value>0xfdb</value>
      </symbol>
      <symbol id="sm-3d0">
         <name>EUSCIB2_IRQHandler</name>
         <value>0xfdb</value>
      </symbol>
      <symbol id="sm-3d1">
         <name>EUSCIB3_IRQHandler</name>
         <value>0xfdb</value>
      </symbol>
      <symbol id="sm-3d2">
         <name>ADC14_IRQHandler</name>
         <value>0xfdb</value>
      </symbol>
      <symbol id="sm-3d3">
         <name>T32_INT1_IRQHandler</name>
         <value>0xfdb</value>
      </symbol>
      <symbol id="sm-3d4">
         <name>T32_INT2_IRQHandler</name>
         <value>0xfdb</value>
      </symbol>
      <symbol id="sm-3d5">
         <name>T32_INTC_IRQHandler</name>
         <value>0xfdb</value>
      </symbol>
      <symbol id="sm-3d6">
         <name>AES256_IRQHandler</name>
         <value>0xfdb</value>
      </symbol>
      <symbol id="sm-3d7">
         <name>RTC_C_IRQHandler</name>
         <value>0xfdb</value>
      </symbol>
      <symbol id="sm-3d8">
         <name>DMA_ERR_IRQHandler</name>
         <value>0xfdb</value>
      </symbol>
      <symbol id="sm-3d9">
         <name>DMA_INT3_IRQHandler</name>
         <value>0xfdb</value>
      </symbol>
      <symbol id="sm-3da">
         <name>DMA_INT2_IRQHandler</name>
         <value>0xfdb</value>
      </symbol>
      <symbol id="sm-3db">
         <name>DMA_INT1_IRQHandler</name>
         <value>0xfdb</value>
      </symbol>
      <symbol id="sm-3dc">
         <name>DMA_INT0_IRQHandler</name>
         <value>0xfdb</value>
      </symbol>
      <symbol id="sm-3dd">
         <name>PORT1_IRQHandler</name>
         <value>0xfdb</value>
      </symbol>
      <symbol id="sm-3de">
         <name>PORT2_IRQHandler</name>
         <value>0xfdb</value>
      </symbol>
      <symbol id="sm-3df">
         <name>PORT3_IRQHandler</name>
         <value>0xfdb</value>
      </symbol>
      <symbol id="sm-3e0">
         <name>PORT4_IRQHandler</name>
         <value>0xfdb</value>
      </symbol>
      <symbol id="sm-3e1">
         <name>PORT5_IRQHandler</name>
         <value>0xfdb</value>
      </symbol>
      <symbol id="sm-3e2">
         <name>PORT6_IRQHandler</name>
         <value>0xfdb</value>
      </symbol>
   </symbol_table>
   <title>Link successful</title>
</link_info>
