******************************************************************************
                  TI ARM Linker PC v20.2.7                     
******************************************************************************
>> Linked Sun Feb 16 17:18:49 2025

OUTPUT FILE NAME:   <servoControl.out>
ENTRY POINT SYMBOL: "_c_int00_noargs"  address: 00000dad


MEMORY CONFIGURATION

         name            origin    length      used     unused   attr    fill
----------------------  --------  ---------  --------  --------  ----  --------
  MAIN                  00000000   00040000  000010f0  0003ef10  R  X
  INFO                  00200000   00004000  00000000  00004000  R  X
  SRAM_CODE             01000000   00010000  00000230  0000fdd0  RW X
  SRAM_DATA             20000000   00010000  00000230  0000fdd0  RW  


SEGMENT ALLOCATION MAP

run origin  load origin   length   init length attrs members
----------  ----------- ---------- ----------- ----- -------
00000000    00000000    000010f0   000010f0    r-x
  00000000    00000000    000000e4   000000e4    r-- .intvecs
  000000e4    000000e4    00000f1c   00000f1c    r-x .text
  00001000    00001000    00000098   00000098    r-- .const
  00001098    00001098    00000058   00000058    r-- .cinit
20000000    20000000    00000030   00000000    rw-
  20000000    20000000    0000002f   00000000    rw- .data
  2000002f    2000002f    00000001   00000000    rw- .bss
2000fe00    2000fe00    00000200   00000000    rw-
  2000fe00    2000fe00    00000200   00000000    rw- .stack


SECTION ALLOCATION MAP

 output                                  attributes/
section   page    origin      length       input sections
--------  ----  ----------  ----------   ----------------
.intvecs   0    00000000    000000e4     
                  00000000    000000e4     startup_msp432p401r_ccs.obj (.intvecs:retain)

.text      0    000000e4    00000f1c     
                  000000e4    00000334     system_msp432p401r.obj (.text)
                  00000418    000002cc     main.obj (.text)
                  000006e4    00000144     msp432p4xx_driverlib.lib : timer_a.o (.text:privateTimer_AProcessClockSourceDivider)
                  00000828    0000011c                              : uart.o (.text:UART_initModule)
                  00000944    0000009c     rtsv7M4_T_le_v4SPD16_eabi.lib : memcpy_t2.asm.obj (.text)
                  000009e0    00000088     msp432p4xx_driverlib.lib : gpio.o (.text:GPIO_setAsPeripheralModuleFunctionInputPin)
                  00000a68    00000088                              : gpio.o (.text:GPIO_setAsPeripheralModuleFunctionOutputPin)
                  00000af0    00000080                              : interrupt.o (.text:Interrupt_enableInterrupt)
                  00000b70    00000068                              : timer_a.o (.text:Timer_A_configureUpMode)
                  00000bd8    00000068     rtsv7M4_T_le_v4SPD16_eabi.lib : copy_decompress_lzss.c.obj (.text:decompress:lzss:__TI_decompress_lzss)
                  00000c40    00000064     msp432p4xx_driverlib.lib : uart.o (.text:UART_getEnabledInterruptStatus)
                  00000ca4    0000004e                              : timer_a.o (.text:Timer_A_initCompare)
                  00000cf2    00000002     --HOLE-- [fill = 0]
                  00000cf4    00000044     rtsv7M4_T_le_v4SPD16_eabi.lib : autoinit.c.obj (.text:__TI_auto_init_nobinit_nopinit:__TI_auto_init_nobinit_nopinit)
                  00000d38    00000040     msp432p4xx_driverlib.lib : gpio.o (.text:GPIO_setAsOutputPin)
                  00000d78    00000034                              : cs.o (.text:CS_setDCOCenteredFrequency)
                  00000dac    00000034     rtsv7M4_T_le_v4SPD16_eabi.lib : boot_cortex_m.c.obj (.text:_c_int00_noargs:_c_int00_noargs)
                  00000de0    00000030     msp432p4xx_driverlib.lib : uart.o (.text:UART_enableInterrupt)
                  00000e10    00000030                              : uart.o (.text:UART_receiveData)
                  00000e40    00000028                              : gpio.o (.text:GPIO_setOutputHighOnPin)
                  00000e68    00000028                              : gpio.o (.text:GPIO_setOutputLowOnPin)
                  00000e90    00000028                              : pcm.o (.text:PCM_gotoLPM0)
                  00000eb8    00000028                              : timer_a.o (.text:Timer_A_setCompareValue)
                  00000ee0    00000024                              : wdt_a.o (.text:WDT_A_holdTimer)
                  00000f04    0000001c                              : pcm.o (.text:PCM_gotoLPM0InterruptSafe)
                  00000f20    0000001c     rtsv7M4_T_le_v4SPD16_eabi.lib : copy_zero_init.c.obj (.text:decompress:ZI:__TI_zero_init_nomemset:__TI_zero_init_nomemset)
                  00000f3c    00000018     msp432p4xx_driverlib.lib : uart.o (.text:UART_getInterruptStatus)
                  00000f54    00000016                              : timer_a.o (.text:Timer_A_startCounter)
                  00000f6a    00000016                              : uart.o (.text:UART_enableModule)
                  00000f80    00000010                              : interrupt.o (.text:Interrupt_disableMaster)
                  00000f90    00000010                              : interrupt.o (.text:Interrupt_disableSleepOnIsrExit)
                  00000fa0    00000010                              : interrupt.o (.text:Interrupt_enableMaster)
                  00000fb0    00000010                              : interrupt.o (.text:Interrupt_enableSleepOnIsrExit)
                  00000fc0    0000000e     rtsv7M4_T_le_v4SPD16_eabi.lib : copy_decompress_none.c.obj (.text:decompress:none:__TI_decompress_none)
                  00000fce    0000000e     startup_msp432p401r_ccs.obj (.text)
                  00000fdc    0000000c     msp432p4xx_driverlib.lib : cpu.o (.text:CPU_cpsid)
                  00000fe8    0000000c                              : cpu.o (.text:CPU_cpsie)
                  00000ff4    00000004                              : cpu.o (.text:CPU_wfi)
                  00000ff8    00000004     rtsv7M4_T_le_v4SPD16_eabi.lib : pre_init.c.obj (.text:_system_pre_init)
                  00000ffc    00000004                                   : exit.c.obj (.text:abort:abort)

.const     0    00001000    00000098     
                  00001000    00000030     msp432p4xx_driverlib.lib : gpio.o (.const:GPIO_PORT_TO_BASE)
                  00001030    00000028     main.obj (.const:uartConfig)
                  00001058    00000018     main.obj (.const:$P$T0$1)
                  00001070    00000010     main.obj (.const:$P$T1$2)
                  00001080    00000010     main.obj (.const:$P$T2$3)
                  00001090    00000008     msp432p4xx_driverlib.lib : interrupt.o (.const:g_pulEnRegs)

.cinit     0    00001098    00000058     
                  00001098    0000002d     (.cinit..data.load) [load image, compression = lzss]
                  000010c5    00000003     --HOLE-- [fill = 0]
                  000010c8    0000000c     (__TI_handler_table)
                  000010d4    00000004     --HOLE-- [fill = 0]
                  000010d8    00000008     (.cinit..bss.load) [load image, compression = zero_init]
                  000010e0    00000010     (__TI_cinit_table)

.init_array 
*          0    00000000    00000000     UNINITIALIZED

.binit     0    00000000    00000000     

.data      0    20000000    0000002f     UNINITIALIZED
                  20000000    00000028     main.obj (.data:fsm)
                  20000028    00000004     system_msp432p401r.obj (.data)
                  2000002c    00000003     main.obj (.data)

.bss       0    2000002f    00000001     UNINITIALIZED
                  2000002f    00000001     (.common:RXData)

.stack     0    2000fe00    00000200     UNINITIALIZED
                  2000fe00    00000004     rtsv7M4_T_le_v4SPD16_eabi.lib : boot_cortex_m.c.obj (.stack)
                  2000fe04    000001fc     --HOLE--

__llvm_prf_cnts 
*          0    20000000    00000000     UNINITIALIZED

MODULE SUMMARY

       Module                        code   ro data   rw data
       ------                        ----   -------   -------
    .\
       main.obj                      716    96        88     
       system_msp432p401r.obj        820    0         8      
       startup_msp432p401r_ccs.obj   14     228       0      
    +--+-----------------------------+------+---------+---------+
       Total:                        1550   324       96     
                                                             
    C:/Users/leona/OneDrive/Desktop/simplelink_msp432p4_sdk_3_40_01_02/source/ti/devices/msp432p4xx/driverlib/ccs/msp432p4xx_driverlib.lib
       timer_a.o                     568    0         0      
       uart.o                        526    0         0      
       gpio.o                        416    48        0      
       interrupt.o                   192    8         0      
       pcm.o                         68     0         0      
       cs.o                          52     0         0      
       wdt_a.o                       36     0         0      
       cpu.o                         28     0         0      
    +--+-----------------------------+------+---------+---------+
       Total:                        1886   56        0      
                                                             
    C:\ti\ccs1270\ccs\tools\compiler\ti-cgt-arm_20.2.7.LTS\lib\rtsv7M4_T_le_v4SPD16_eabi.lib
       memcpy_t2.asm.obj             156    0         0      
       copy_decompress_lzss.c.obj    104    0         0      
       autoinit.c.obj                68     0         0      
       boot_cortex_m.c.obj           52     0         0      
       copy_zero_init.c.obj          28     0         0      
       copy_decompress_none.c.obj    14     0         0      
       exit.c.obj                    4      0         0      
       pre_init.c.obj                4      0         0      
    +--+-----------------------------+------+---------+---------+
       Total:                        430    0         0      
                                                             
       Stack:                        0      0         1024   
       Linker Generated:             0      81        0      
    +--+-----------------------------+------+---------+---------+
       Grand Total:                  3866   461       1120   


LINKER GENERATED COPY TABLES

__TI_cinit_table @ 000010e0 records: 2, size/record: 8, table size: 16
	.data: load addr=00001098, load size=0000002d bytes, run addr=20000000, run size=0000002f bytes, compression=lzss
	.bss: load addr=000010d8, load size=00000008 bytes, run addr=2000002f, run size=00000001 bytes, compression=zero_init


LINKER GENERATED HANDLER TABLE

__TI_handler_table @ 000010c8 records: 3, size/record: 4, table size: 12
	index: 0, handler: __TI_decompress_lzss
	index: 1, handler: __TI_decompress_none
	index: 2, handler: __TI_zero_init


GLOBAL SYMBOLS: SORTED ALPHABETICALLY BY Name 

address   name                                       
-------   ----                                       
00000fdb  ADC14_IRQHandler                           
00000fdb  AES256_IRQHandler                          
00000fdb  BusFault_Handler                           
00000ffd  C$$EXIT                                    
00000fdb  COMP_E0_IRQHandler                         
00000fdb  COMP_E1_IRQHandler                         
00000fdd  CPU_cpsid                                  
00000fe9  CPU_cpsie                                  
00000ff5  CPU_wfi                                    
00000fdb  CS_IRQHandler                              
00000d79  CS_setDCOCenteredFrequency                 
00000fdb  DMA_ERR_IRQHandler                         
00000fdb  DMA_INT0_IRQHandler                        
00000fdb  DMA_INT1_IRQHandler                        
00000fdb  DMA_INT2_IRQHandler                        
00000fdb  DMA_INT3_IRQHandler                        
00000fdb  DebugMon_Handler                           
00000fdb  Default_Handler                            
00000fdb  EUSCIA0_IRQHandler                         
00000fdb  EUSCIA1_IRQHandler                         
00000447  EUSCIA2_IRQHandler                         
00000447  EUSCIA2_IRQHandler                         
00000fdb  EUSCIA3_IRQHandler                         
00000fdb  EUSCIB0_IRQHandler                         
00000fdb  EUSCIB1_IRQHandler                         
00000fdb  EUSCIB2_IRQHandler                         
00000fdb  EUSCIB3_IRQHandler                         
00000fdb  FLCTL_IRQHandler                           
00000fdb  FPU_IRQHandler                             
00000d39  GPIO_setAsOutputPin                        
000009e1  GPIO_setAsPeripheralModuleFunctionInputPin 
00000a69  GPIO_setAsPeripheralModuleFunctionOutputPin
00000e41  GPIO_setOutputHighOnPin                    
00000e69  GPIO_setOutputLowOnPin                     
00000fdb  HardFault_Handler                          
00000f81  Interrupt_disableMaster                    
00000f91  Interrupt_disableSleepOnIsrExit            
00000af1  Interrupt_enableInterrupt                  
00000fa1  Interrupt_enableMaster                     
00000fb1  Interrupt_enableSleepOnIsrExit             
00000fdb  MemManage_Handler                          
00000fdb  NMI_Handler                                
00000fdb  PCM_IRQHandler                             
00000e91  PCM_gotoLPM0                               
00000f05  PCM_gotoLPM0InterruptSafe                  
00000fdb  PORT1_IRQHandler                           
00000fdb  PORT2_IRQHandler                           
00000fdb  PORT3_IRQHandler                           
00000fdb  PORT4_IRQHandler                           
00000fdb  PORT5_IRQHandler                           
00000fdb  PORT6_IRQHandler                           
00000fdb  PSS_IRQHandler                             
00000fdb  PendSV_Handler                             
00000fdb  RTC_C_IRQHandler                           
2000002f  RXData                                     
00000fcf  Reset_Handler                              
00000fdb  SVC_Handler                                
00000fdb  SysTick_Handler                            
20000028  SystemCoreClock                            
000000e5  SystemCoreClockUpdate                      
0000035d  SystemInit                                 
00000fdb  T32_INT1_IRQHandler                        
00000fdb  T32_INT2_IRQHandler                        
00000fdb  T32_INTC_IRQHandler                        
00000fdb  TA0_0_IRQHandler                           
00000fdb  TA0_N_IRQHandler                           
00000fdb  TA1_0_IRQHandler                           
00000fdb  TA1_N_IRQHandler                           
00000fdb  TA2_0_IRQHandler                           
00000fdb  TA2_N_IRQHandler                           
00000fdb  TA3_0_IRQHandler                           
00000fdb  TA3_N_IRQHandler                           
00000b71  Timer_A_configureUpMode                    
00000ca5  Timer_A_initCompare                        
00000eb9  Timer_A_setCompareValue                    
00000f55  Timer_A_startCounter                       
00000de1  UART_enableInterrupt                       
00000f6b  UART_enableModule                          
00000c41  UART_getEnabledInterruptStatus             
00000f3d  UART_getInterruptStatus                    
00000829  UART_initModule                            
00000e11  UART_receiveData                           
00000fdb  UsageFault_Handler                         
4000480c  WDTCTL_SYM                                 
00000fdb  WDT_A_IRQHandler                           
00000ee1  WDT_A_holdTimer                            
20010000  __STACK_END                                
00000200  __STACK_SIZE                               
000010e0  __TI_CINIT_Base                            
000010f0  __TI_CINIT_Limit                           
000010c8  __TI_Handler_Table_Base                    
000010d4  __TI_Handler_Table_Limit                   
00000cf5  __TI_auto_init_nobinit_nopinit             
00000bd9  __TI_decompress_lzss                       
00000fc1  __TI_decompress_none                       
ffffffff  __TI_pprof_out_hndl                        
ffffffff  __TI_prof_data_size                        
ffffffff  __TI_prof_data_start                       
00000000  __TI_static_base__                         
00000f21  __TI_zero_init_nomemset                    
00000945  __aeabi_memcpy                             
00000945  __aeabi_memcpy4                            
00000945  __aeabi_memcpy8                            
ffffffff  __binit__                                  
ffffffff  __c_args__                                 
UNDEFED   __mpu_init                                 
2000fe00  __stack                                    
20000000  __start___llvm_prf_cnts                    
20000000  __stop___llvm_prf_cnts                     
00000dad  _c_int00_noargs                            
UNDEFED   _system_post_cinit                         
00000ff9  _system_pre_init                           
00000ffd  abort                                      
ffffffff  binit                                      
2000002c  current                                    
000004e7  fn_center                                  
00000529  fn_down                                    
000004ff  fn_left                                    
0000050d  fn_right                                   
0000051b  fn_up                                      
20000000  fsm                                        
0000065f  initPWM                                    
00000611  initUART                                   
00000000  interruptVectors                           
00000419  main                                       
00000945  memcpy                                     
00000537  moveServos                                 
2000002d  prev                                       
000005b1  setServoPosition                           
00001030  uartConfig                                 
2000002e  updated                                    


GLOBAL SYMBOLS: SORTED BY Symbol Address 

address   name                                       
-------   ----                                       
00000000  __TI_static_base__                         
00000000  interruptVectors                           
000000e5  SystemCoreClockUpdate                      
00000200  __STACK_SIZE                               
0000035d  SystemInit                                 
00000419  main                                       
00000447  EUSCIA2_IRQHandler                         
00000447  EUSCIA2_IRQHandler                         
000004e7  fn_center                                  
000004ff  fn_left                                    
0000050d  fn_right                                   
0000051b  fn_up                                      
00000529  fn_down                                    
00000537  moveServos                                 
000005b1  setServoPosition                           
00000611  initUART                                   
0000065f  initPWM                                    
00000829  UART_initModule                            
00000945  __aeabi_memcpy                             
00000945  __aeabi_memcpy4                            
00000945  __aeabi_memcpy8                            
00000945  memcpy                                     
000009e1  GPIO_setAsPeripheralModuleFunctionInputPin 
00000a69  GPIO_setAsPeripheralModuleFunctionOutputPin
00000af1  Interrupt_enableInterrupt                  
00000b71  Timer_A_configureUpMode                    
00000bd9  __TI_decompress_lzss                       
00000c41  UART_getEnabledInterruptStatus             
00000ca5  Timer_A_initCompare                        
00000cf5  __TI_auto_init_nobinit_nopinit             
00000d39  GPIO_setAsOutputPin                        
00000d79  CS_setDCOCenteredFrequency                 
00000dad  _c_int00_noargs                            
00000de1  UART_enableInterrupt                       
00000e11  UART_receiveData                           
00000e41  GPIO_setOutputHighOnPin                    
00000e69  GPIO_setOutputLowOnPin                     
00000e91  PCM_gotoLPM0                               
00000eb9  Timer_A_setCompareValue                    
00000ee1  WDT_A_holdTimer                            
00000f05  PCM_gotoLPM0InterruptSafe                  
00000f21  __TI_zero_init_nomemset                    
00000f3d  UART_getInterruptStatus                    
00000f55  Timer_A_startCounter                       
00000f6b  UART_enableModule                          
00000f81  Interrupt_disableMaster                    
00000f91  Interrupt_disableSleepOnIsrExit            
00000fa1  Interrupt_enableMaster                     
00000fb1  Interrupt_enableSleepOnIsrExit             
00000fc1  __TI_decompress_none                       
00000fcf  Reset_Handler                              
00000fdb  ADC14_IRQHandler                           
00000fdb  AES256_IRQHandler                          
00000fdb  BusFault_Handler                           
00000fdb  COMP_E0_IRQHandler                         
00000fdb  COMP_E1_IRQHandler                         
00000fdb  CS_IRQHandler                              
00000fdb  DMA_ERR_IRQHandler                         
00000fdb  DMA_INT0_IRQHandler                        
00000fdb  DMA_INT1_IRQHandler                        
00000fdb  DMA_INT2_IRQHandler                        
00000fdb  DMA_INT3_IRQHandler                        
00000fdb  DebugMon_Handler                           
00000fdb  Default_Handler                            
00000fdb  EUSCIA0_IRQHandler                         
00000fdb  EUSCIA1_IRQHandler                         
00000fdb  EUSCIA3_IRQHandler                         
00000fdb  EUSCIB0_IRQHandler                         
00000fdb  EUSCIB1_IRQHandler                         
00000fdb  EUSCIB2_IRQHandler                         
00000fdb  EUSCIB3_IRQHandler                         
00000fdb  FLCTL_IRQHandler                           
00000fdb  FPU_IRQHandler                             
00000fdb  HardFault_Handler                          
00000fdb  MemManage_Handler                          
00000fdb  NMI_Handler                                
00000fdb  PCM_IRQHandler                             
00000fdb  PORT1_IRQHandler                           
00000fdb  PORT2_IRQHandler                           
00000fdb  PORT3_IRQHandler                           
00000fdb  PORT4_IRQHandler                           
00000fdb  PORT5_IRQHandler                           
00000fdb  PORT6_IRQHandler                           
00000fdb  PSS_IRQHandler                             
00000fdb  PendSV_Handler                             
00000fdb  RTC_C_IRQHandler                           
00000fdb  SVC_Handler                                
00000fdb  SysTick_Handler                            
00000fdb  T32_INT1_IRQHandler                        
00000fdb  T32_INT2_IRQHandler                        
00000fdb  T32_INTC_IRQHandler                        
00000fdb  TA0_0_IRQHandler                           
00000fdb  TA0_N_IRQHandler                           
00000fdb  TA1_0_IRQHandler                           
00000fdb  TA1_N_IRQHandler                           
00000fdb  TA2_0_IRQHandler                           
00000fdb  TA2_N_IRQHandler                           
00000fdb  TA3_0_IRQHandler                           
00000fdb  TA3_N_IRQHandler                           
00000fdb  UsageFault_Handler                         
00000fdb  WDT_A_IRQHandler                           
00000fdd  CPU_cpsid                                  
00000fe9  CPU_cpsie                                  
00000ff5  CPU_wfi                                    
00000ff9  _system_pre_init                           
00000ffd  C$$EXIT                                    
00000ffd  abort                                      
00001030  uartConfig                                 
000010c8  __TI_Handler_Table_Base                    
000010d4  __TI_Handler_Table_Limit                   
000010e0  __TI_CINIT_Base                            
000010f0  __TI_CINIT_Limit                           
20000000  __start___llvm_prf_cnts                    
20000000  __stop___llvm_prf_cnts                     
20000000  fsm                                        
20000028  SystemCoreClock                            
2000002c  current                                    
2000002d  prev                                       
2000002e  updated                                    
2000002f  RXData                                     
2000fe00  __stack                                    
20010000  __STACK_END                                
4000480c  WDTCTL_SYM                                 
ffffffff  __TI_pprof_out_hndl                        
ffffffff  __TI_prof_data_size                        
ffffffff  __TI_prof_data_start                       
ffffffff  __binit__                                  
ffffffff  __c_args__                                 
ffffffff  binit                                      
UNDEFED   __mpu_init                                 
UNDEFED   _system_post_cinit                         

[131 symbols]
